// Vitest Snapshot v1, https://vitest.dev/guide/snapshot.html

exports[`golden trace > Lonsdale tsunami with hazard intel 1`] = `
{
  "drones": [
    "1 SEARCHING 49.2,132.5 0.65 truck:null",
    "2 SEARCHING 192,47.5 0.64 truck:null",
    "3 SEARCHING 109.5,162.5 0.64 truck:null",
    "4 SEARCHING 143.5,77.5 0.64 truck:null",
    "5 SEARCHING 15.6,82.5 0.64 truck:null",
    "6 SEARCHING 152.3,162.5 0.64 truck:null",
  ],
  "events": [
    "0 replan Replanned (initial deployment): 6 drones re-tasked",
    "0 assign Drone 1 → Carrie Cates Court & Chesterfield Place (priority 1.00: urgency 0.50, rescue value 1.00, 0.0 km)",
    "0 assign Drone 2 → 3rd Street West & West 4th Street (priority 0.39: population 0.62, unsearched 1.00, 0.4 km)",
    "0 assign Drone 3 → Victory Ship Way & East Esplanade (priority 0.84: urgency 0.39, rescue value 0.79, 0.5 km)",
    "0 assign Drone 4 → East 5th Street & East 6th Street (priority 0.45: population 0.78, unsearched 1.00, 0.7 km)",
    "0 assign Drone 5 → Fell Avenue & Harbourside Drive (priority 0.89: urgency 0.44, rescue value 0.84, 0.8 km)",
    "0 assign Drone 6 → Block E18 (priority 0.40: hazard 1.00, unsearched 1.00, 0.5 km)",
    "0.05 truck Truck 1 driving 0.6 km to Mahon Avenue — closer to where the drones are working",
    "0.05 truck Truck 2 driving 1.4 km to West 5th Street & West 4th Street — closer to where the drones are working",
    "4.15 taskComplete Drone 1 finished Carrie Cates Court & Chesterfield Place (91% searched)",
    "4.15 assign Drone 1 → Block H17 (priority 0.42: unsearched 1.00, urgency 0.12, 0.1 km)",
    "6.1 truck Truck 1 driving 0.7 km to East 3rd Street & Lonsdale Avenue — closer to where the drones are working",
    "6.1 truck Truck 2 driving 0.3 km to Mahon Avenue — closer to where the drones are working",
    "8.45 survivor Survivor found by Drone 3 near Victory Ship Way & East Esplanade — checking the surrounding blocks next",
    "8.45 replan Replanned (survivor found near Victory Ship Way & East Esplanade): 1 drone re-tasked",
    "8.45 reassign Drone 1 → 1st Street West & West Esplanade (priority 0.45: population 0.73, rescue value 0.60, 0.2 km) — switching from Block H17",
    "9 taskComplete Drone 6 finished Block E18 (71% searched)",
    "9 assign Drone 6 → Block D18 (priority 0.37: hazard 0.99, unsearched 0.80, 0.1 km)",
    "9.9 taskComplete Drone 2 finished 3rd Street West & West 4th Street (89% searched)",
    "9.9 assign Drone 2 → West 4th Street & Mahon Avenue (priority 0.26: unsearched 1.00, population 0.32, 0.1 km)",
    "11.4 reassign Drone 6 → Block C18 (priority 0.35: hazard 1.00, unsearched 0.80, 0.1 km) — switching from Block D18",
    "12.15 truck Truck 2 driving 0.3 km to West Esplanade & West 1st Street — closer to where the drones are working",
    "12.8 taskComplete Drone 3 finished Victory Ship Way & East Esplanade (89% searched)",
    "12.8 assign Drone 3 → Block M21 (priority 0.67: rescue value 0.76, urgency 0.23, 0.1 km)",
    "13.2 survivor Survivor found by Drone 5 near Fell Avenue — checking the surrounding blocks next",
    "14.65 taskComplete Drone 6 finished Block C18 (94% searched)",
    "14.65 assign Drone 6 → Fell Avenue (priority 1.00: urgency 0.62, rescue value 1.00, 0.3 km)",
    "14.95 taskComplete Drone 2 finished West 4th Street & Mahon Avenue (91% searched)",
    "14.95 assign Drone 2 → West 5th Street & Mahon Avenue (priority 0.20: unsearched 1.00, population 0.24, 0.2 km)",
    "15.3 taskComplete Drone 4 finished East 5th Street & East 6th Street (89% searched)",
    "15.3 assign Drone 4 → Lonsdale Avenue & East 6th Street (priority 0.24: unsearched 1.00, population 0.39, 0.1 km)",
    "15.5 survivor Survivor found by Drone 5 near Fell Avenue & Harbourside Drive — checking the surrounding blocks next",
    "15.5 replan Replanned (survivor found near Fell Avenue & Harbourside Drive): 1 drone re-tasked",
    "15.5 reassign Drone 1 → 2nd Street West & Mahon Avenue (priority 0.29: unsearched 1.00, population 0.55, 0.1 km) — switching from 1st Street West & West Esplanade",
    "17 reassign Drone 3 → Block L21 (priority 0.37: hazard 0.81, unsearched 1.00, 0.1 km) — switching from Block M21",
    "19.5 taskComplete Drone 3 finished Block L21 (93% searched)",
    "19.5 assign Drone 3 → Victory Ship Way (priority 0.31: unsearched 1.00, hazard 0.46, 0.1 km)",
    "20.05 taskComplete Drone 4 finished Lonsdale Avenue & East 6th Street (91% searched)",
    "20.05 survivor Survivor found by Drone 5 near Fell Avenue & Harbourside Drive — checking the surrounding blocks next",
    "20.05 replan Replanned (survivor found near Fell Avenue & Harbourside Drive): 2 drones re-tasked",
    "20.05 reassign Drone 1 → 1st Street West & Mahon Avenue (priority 0.18: unsearched 1.00, population 0.18, 0.1 km) — switching from 2nd Street West & Mahon Avenue",
    "20.05 assign Drone 4 → East 6th Street & Saint Georges Avenue (priority 0.20: unsearched 1.00, population 0.27, 0.2 km)",
    "20.15 taskComplete Drone 5 finished Fell Avenue & Harbourside Drive (62% searched)",
    "20.15 assign Drone 5 → Harbourside Drive & Gostick Place (priority 0.48: rescue value 1.00, unsearched 0.80, 0.1 km)",
    "21.2 taskComplete Drone 2 finished West 5th Street & Mahon Avenue (89% searched)",
    "21.2 assign Drone 2 → West 15th Street (priority 0.58: population 1.00, rescue value 1.00, 0.7 km)",
    "21.2 reassign Drone 6 → Block B18 (priority 0.42: hazard 0.99, unsearched 1.00, 0.3 km) — switching from Fell Avenue",
    "24.2 reassign Drone 1 → West 3rd Street & 2nd Street West (priority 0.37: population 0.56, rescue value 0.56, 0.2 km) — switching from 1st Street West & Mahon Avenue",
    "24.25 truck Truck 1 driving 0.5 km to Lonsdale Avenue & West 6th Street — closer to where the drones are working",
    "24.25 truck Truck 2 driving 1.6 km to Bewicke Avenue — closer to where the drones are working",
    "24.8 taskComplete Drone 3 finished Victory Ship Way (93% searched)",
    "24.8 assign Drone 3 → East Esplanade & Victory Ship Way (priority 0.45: rescue value 0.70, unsearched 1.00, 0.2 km)",
    "26.3 reassign Drone 4 → East 5th Street & Saint Georges Avenue (priority 0.31: unsearched 1.00, population 0.40, 0.1 km) — switching from East 6th Street & Saint Georges Avenue",
    "28.25 taskComplete Drone 5 finished Harbourside Drive & Gostick Place (65% searched)",
    "28.25 reassign Drone 3 → Victory Ship Way (priority 0.78: urgency 0.74, unsearched 1.00, 0.2 km) — switching from East Esplanade & Victory Ship Way",
    "28.25 assign Drone 5 → Block B16 (priority 1.00: urgency 0.74, rescue value 1.00, 0.1 km)",
    "28.25 reassign Drone 6 → Block G18 (priority 0.82: urgency 0.74, hazard 0.93, 0.5 km) — switching from Block B18",
    "30.3 truck Truck 1 driving 0.1 km to Lonsdale Avenue & East Esplanade — closer to where the drones are working",
    "30.35 survivor Survivor found by Drone 1 near West 3rd Street & 2nd Street West — checking the surrounding blocks next",
    "30.9 survivor Survivor found by Drone 1 near West 4th Street & West 3rd Street — checking the surrounding blocks next",
    "30.9 replan Replanned (survivor found near West 4th Street & West 3rd Street): 2 drones re-tasked",
    "30.9 reassign Drone 4 → East 5th Street & East 4th Street (priority 0.30: unsearched 1.00, population 0.32, 0.1 km) — switching from East 5th Street & Saint Georges Avenue",
    "30.9 reassign Drone 5 → Block B17 (priority 1.00: urgency 0.76, hazard 0.99, 0.1 km) — switching from Block B16",
    "31.9 taskComplete Drone 1 finished West 3rd Street & 2nd Street West (88% searched)",
    "31.9 assign Drone 1 → West Esplanade (priority 0.75: urgency 0.76, unsearched 0.80, 0.4 km)",
    "33.15 taskComplete Drone 5 finished Block B17 (100% searched)",
    "33.15 assign Drone 5 → Gostick Place & Harbourside Drive (priority 1.00: urgency 0.78, rescue value 0.70, 0.3 km)",
    "34.65 reassign Drone 3 → Block M22 (priority 0.90: urgency 0.79, hazard 0.74, 0.1 km) — switching from Victory Ship Way",
    "34.65 reassign Drone 4 → West 5th Street & Lonsdale Avenue (priority 0.43: population 0.61, rescue value 0.61, 0.3 km) — switching from East 5th Street & East 4th Street",
    "35.75 taskComplete Drone 3 finished Block M22 (100% searched)",
    "35.75 assign Drone 3 → Block N22 (priority 0.80: urgency 0.80, unsearched 0.80, 0.1 km)",
    "36.35 truck Truck 2 driving 1.2 km to Bewicke Avenue — closer to where the drones are working",
    "37.25 reassign Drone 6 → Chadwick Court & Chesterfield Place (priority 0.94: urgency 0.81, hazard 0.78, 0.1 km) — switching from Block G18",
    "38 taskComplete Drone 3 finished Block N22 (100% searched)",
    "38 assign Drone 3 → Block O22 (priority 0.83: urgency 0.82, unsearched 1.00, 0.1 km)",
    "39.5 reassign Drone 6 → Chadwick Court (priority 0.91: urgency 0.83, hazard 0.63, 0.1 km) — switching from Chadwick Court & Chesterfield Place",
    "39.75 taskComplete Drone 3 finished Block O22 (90% searched)",
    "39.75 assign Drone 3 → Low Level Road & East Esplanade (priority 0.52: urgency 0.44, unsearched 1.00, 0.1 km)",
    "39.8 taskComplete Drone 2 finished West 15th Street (65% searched)",
    "39.8 assign Drone 2 → West 16th Street (priority 0.63: population 1.00, rescue value 1.00, 0.1 km)",
    "41.2 taskComplete Drone 5 finished Gostick Place & Harbourside Drive (88% searched)",
    "41.2 assign Drone 5 → Harbourside Drive & Gostick Place (priority 1.00: urgency 0.84, rescue value 1.00, 0.1 km)",
    "41.5 taskComplete Drone 3 finished Low Level Road & East Esplanade (90% searched)",
    "41.5 assign Drone 3 → East 1st Street (priority 0.36: population 0.94, rescue value 0.50, 0.2 km)",
    "42.4 taskComplete Drone 4 finished West 5th Street & Lonsdale Avenue (89% searched)",
    "42.4 assign Drone 4 → West 6th Street & West Keith Road (priority 0.32: population 0.75, unsearched 1.00, 0.1 km)",
    "42.4 truck Truck 2 driving 0.3 km to West 3rd Street & Forbes Avenue — closer to where the drones are working",
    "42.6 taskComplete Drone 6 finished Chadwick Court (83% searched)",
    "42.6 reassign Drone 1 → West 4th Street & West 3rd Street (priority 0.37: rescue value 1.00, unsearched 1.00, 0.4 km) — switching from West Esplanade",
    "42.6 assign Drone 6 → Block H20 (priority 0.26: hazard 0.69, unsearched 1.00, 0.1 km)",
    "44.9 taskComplete Drone 3 finished East 1st Street (90% searched)",
    "44.9 assign Drone 3 → East 1st Street (priority 0.22: unsearched 1.00, population 0.29, 0.1 km)",
    "45.45 taskComplete Drone 6 finished Block H20 (96% searched)",
    "45.45 assign Drone 6 → Block I20 (priority 0.26: unsearched 1.00, hazard 0.55, 0.1 km)",
    "46.2 taskComplete Drone 5 finished Harbourside Drive & Gostick Place (77% searched, rest unreachable)",
    "46.2 assign Drone 5 → Fell Avenue & Harbourside Drive (priority 1.00: urgency 0.88, rescue value 1.00, 0.1 km)",
    "47.15 taskComplete Drone 4 finished West 6th Street & West Keith Road (91% searched)",
    "47.15 assign Drone 4 → West Keith Road & Lonsdale Avenue (priority 0.15: unsearched 1.00, population 0.07, 0.1 km)",
    "47.35 taskComplete Drone 2 finished West 16th Street (74% searched)",
    "47.35 assign Drone 2 → West 18th Street & West 17th Street (priority 0.22: population 0.54, unsearched 0.80, 0.2 km)",
    "48.45 truck Truck 1 driving 0.3 km to East 2nd Street & East 3rd Street — closer to where the drones are working",
    "48.45 truck Truck 2 driving 0.8 km to Chief Joseph Crescent & West 4th Street — closer to where the drones are working",
    "49.3 taskComplete Drone 3 finished East 1st Street (91% searched)",
    "49.3 assign Drone 3 → Low Level Road & Saint Andrews Avenue (priority 0.20: unsearched 1.00, population 0.36, 0.1 km)",
    "49.8 taskComplete Drone 6 finished Block I20 (96% searched)",
    "49.8 assign Drone 6 → Block J20 (priority 0.23: hazard 0.67, unsearched 1.00, 0.1 km)",
    "51.25 taskComplete Drone 4 finished West Keith Road & Lonsdale Avenue (98% searched)",
    "51.25 assign Drone 4 → Lonsdale Avenue & West 6th Street (priority 0.16: unsearched 1.00, population 0.21, 0.1 km)",
    "52.45 taskComplete Drone 1 finished West 4th Street & West 3rd Street (91% searched)",
    "52.45 taskComplete Drone 5 finished Fell Avenue & Harbourside Drive (79% searched, rest unreachable)",
    "52.45 assign Drone 1 → Block E17 (priority 1.00: urgency 0.94, hazard 1.00, 0.7 km)",
    "52.45 reassign Drone 3 → East Esplanade & Victory Ship Way (priority 0.52: urgency 0.50, unsearched 1.00, 0.2 km) — switching from Low Level Road & Saint Andrews Avenue",
    "52.45 assign Drone 5 → Fell Avenue & Harbourside Drive (priority 1.00: urgency 0.94, rescue value 0.70, 0.1 km)",
    "53.3 taskComplete Drone 6 finished Block J20 (88% searched)",
    "53.3 assign Drone 6 → Block K20 (priority 0.93: urgency 0.94, hazard 0.67, 0.1 km)",
    "54 taskComplete Drone 2 finished West 18th Street & West 17th Street (89% searched)",
    "54 assign Drone 2 → West 18th Street & West 19th Street (priority 0.57: population 0.97, rescue value 0.97, 0.1 km)",
    "54.5 truck Truck 1 driving 0.2 km to West 3rd Street & Lonsdale Avenue — closer to where the drones are working",
    "54.5 truck Truck 2 driving 0.9 km to Bewicke Avenue — closer to where the drones are working",
    "55.5 reassign Drone 4 → West 5th Street & West 4th Street (priority 0.47: population 0.76, rescue value 0.76, 0.2 km) — switching from Lonsdale Avenue & West 6th Street",
    "55.5 reassign Drone 6 → Carrie Cates Court (priority 0.87: urgency 0.96, unsearched 1.00, 0.2 km) — switching from Block K20",
    "57 reassign Drone 5 → Fell Avenue & Automall Drive (priority 0.84: urgency 0.97, unsearched 1.00, 0.1 km) — switching from Fell Avenue & Harbourside Drive",
    "58.4 taskComplete Drone 3 finished East Esplanade & Victory Ship Way (99% searched)",
    "58.4 assign Drone 3 → East 2nd Street & Saint Andrews Avenue (priority 0.38: population 0.63, rescue value 0.63, 0.3 km)",
    "58.75 taskComplete Drone 2 finished West 18th Street & West 19th Street (91% searched)",
    "58.75 assign Drone 2 → East 17th Street & Eastern Avenue (priority 0.54: population 1.00, rescue value 1.00, 0.3 km)",
    "60.05 impact TSUNAMI IMPACT — 0.4 km² below 12 m flooded; 5 unfound survivor(s) lost, 6 found in time",
    "60.05 replan Replanned (tsunami impact): 3 drones re-tasked",
    "60.05 reassign Drone 1 → West 3rd Street & Mahon Avenue (priority 0.85: rescue value 1.00, unsearched 1.00, 0.4 km) — switching from Block E17",
    "60.05 reassign Drone 5 → West 2nd Street (priority 0.96: rescue value 0.79, hazard 0.58, 0.4 km) — switching from Fell Avenue & Automall Drive",
    "60.05 reassign Drone 6 → West Esplanade & Rogers Avenue (priority 1.00: rescue value 0.88, unsearched 1.00, 0.2 km) — switching from Carrie Cates Court",
    "60.55 truck Truck 2 driving 1.1 km to Mahon Avenue & West 14th Street — closer to where the drones are working",
    "61.55 reassign Drone 4 → Chesterfield Avenue & West 5th Street (priority 0.80: population 0.69, rescue value 0.69, 0.1 km) — switching from West 5th Street & West 4th Street",
    "65.45 survivor Survivor found by Drone 4 near Chesterfield Avenue & West 5th Street — checking the surrounding blocks next",
    "65.45 replan Replanned (survivor found near Chesterfield Avenue & West 5th Street): 1 drone re-tasked",
    "65.45 reassign Drone 6 → East Esplanade & Victory Ship Way (priority 0.66: rescue value 0.70, unsearched 1.00, 0.2 km) — switching from West Esplanade & Rogers Avenue",
    "66.15 taskComplete Drone 3 finished East 2nd Street & Saint Andrews Avenue (89% searched)",
    "66.15 assign Drone 3 → East 3rd Street & East 2nd Street (priority 0.48: unsearched 1.00, population 0.32, 0.1 km)",
    "66.15 reassign Drone 4 → West Keith Road & Chesterfield Avenue (priority 0.54: unsearched 1.00, rescue value 0.58, 0.1 km) — switching from Chesterfield Avenue & West 5th Street",
    "66.6 truck Truck 1 driving 0.5 km to Lonsdale Avenue & East Keith Road — closer to where the drones are working",
    "66.6 truck Truck 2 driving 0.3 km to West 3rd Street & Mission Road — closer to where the drones are working",
    "67.5 survivor Survivor found by Drone 2 near Eastern Avenue — checking the surrounding blocks next",
    "69.45 taskComplete Drone 5 finished West 2nd Street (57% searched)",
    "69.45 assign Drone 5 → Fell Avenue (priority 0.58: hazard 1.00, unsearched 0.80, 0.1 km)",
    "69.65 taskComplete Drone 2 finished East 17th Street & Eastern Avenue (66% searched)",
    "69.65 assign Drone 2 → Eastern Avenue (priority 0.84: rescue value 1.00, population 0.61, 0.1 km)",
    "69.65 reassign Drone 5 → Marine Drive & West 3rd Street (priority 0.74: rescue value 0.64, unsearched 1.00, 0.1 km) — switching from Fell Avenue",
    "70.85 taskComplete Drone 1 finished West 3rd Street & Mahon Avenue (100% searched)",
    "70.85 assign Drone 1 → West 4th Street & Chief Joseph Crescent (priority 0.61: rescue value 0.85, unsearched 1.00, 0.1 km)",
    "70.85 reassign Drone 3 → East 3rd Street & Saint Andrews Avenue (priority 0.43: unsearched 1.00, population 0.27, 0.2 km) — switching from East 3rd Street & East 2nd Street",
    "71.25 taskComplete Drone 4 finished West Keith Road & Chesterfield Avenue (91% searched)",
    "71.25 reassign Drone 3 → Chesterfield Avenue & 1st Street West (priority 1.00: population 1.00, rescue value 1.00, 0.7 km) — switching from East 3rd Street & Saint Andrews Avenue",
    "71.25 assign Drone 4 → East 8th Street & East 11th Street (priority 0.83: population 0.84, rescue value 0.84, 0.4 km)",
    "71.25 reassign Drone 6 → East Esplanade & Saint Georges Avenue (priority 0.86: rescue value 0.99, population 0.63, 0.1 km) — switching from East Esplanade & Victory Ship Way",
    "72.65 truck Truck 1 driving 0.7 km to East 13th Street — closer to where the drones are working",
    "72.65 truck Truck 2 driving 0.4 km to 3rd Street West & 2nd Street West — closer to where the drones are working",
    "74.25 reassign Drone 5 → Marine Drive & West 14th Street (priority 0.58: unsearched 1.00, population 0.45, 0.1 km) — switching from Marine Drive & West 3rd Street",
    "74.8 taskComplete Drone 2 finished Eastern Avenue (90% searched)",
    "74.8 assign Drone 2 → East 17th Street & Eastern Avenue (priority 1.00: population 1.00, rescue value 1.00, 0.1 km)",
    "75.65 taskComplete Drone 6 finished East Esplanade & Saint Georges Avenue (90% searched)",
    "75.65 reassign Drone 1 → West 3rd Street & Forbes Avenue (priority 0.53: rescue value 0.74, unsearched 1.00, 0.2 km) — switching from West 4th Street & Chief Joseph Crescent",
    "75.65 assign Drone 6 → East Esplanade & Victory Ship Way (priority 0.49: unsearched 1.00, rescue value 0.35, 0.1 km)",
    "78.7 truck Truck 1 driving 0.2 km to West Keith Road & Lonsdale Avenue — closer to where the drones are working",
    "78.7 truck Truck 2 driving 0.4 km to West Esplanade & Delbruck Avenue — closer to where the drones are working",
    "79 taskComplete Drone 5 finished Marine Drive & West 14th Street (91% searched)",
    "79 assign Drone 5 → Fell Avenue (priority 0.58: hazard 1.00, unsearched 0.80, 0.2 km)",
    "80.35 taskComplete Drone 6 finished East Esplanade & Victory Ship Way (100% searched)",
    "80.35 reassign Drone 1 → West Esplanade & West 1st Street (priority 0.57: hazard 0.77, unsearched 1.00, 0.2 km) — switching from West 3rd Street & Forbes Avenue",
    "80.35 assign Drone 6 → East 3rd Street & Saint Georges Avenue (priority 0.46: unsearched 1.00, population 0.30, 0.4 km)",
    "81.85 taskComplete Drone 4 finished East 8th Street & East 11th Street (89% searched)",
    "81.85 assign Drone 4 → Lonsdale Avenue & East Keith Road (priority 0.45: unsearched 1.00, population 0.29, 0.1 km)",
    "82.15 taskComplete Drone 2 finished East 17th Street & Eastern Avenue (82% searched, rest unreachable)",
    "82.15 assign Drone 2 → Saint Georges Avenue & East 16th Street (priority 0.87: rescue value 1.00, population 0.65, 0.1 km)",
    "83.6 taskComplete Drone 4 finished Lonsdale Avenue & East Keith Road (93% searched)",
    "83.6 reassign Drone 1 → West 1st Street & West Esplanade (priority 0.58: unsearched 1.00, hazard 0.57, 0.1 km) — switching from West Esplanade & West 1st Street",
    "83.6 assign Drone 4 → West 13th Street & Chesterfield Avenue (priority 0.81: population 0.76, rescue value 0.76, 0.4 km)",
    "84.75 truck Truck 1 driving 0.6 km to Lonsdale Avenue & East 14th Street — closer to where the drones are working",
    "84.75 truck Truck 2 driving 0.4 km to 3rd Street West & Chesterfield Avenue — closer to where the drones are working",
    "86.5 taskComplete Drone 5 finished Fell Avenue (86% searched)",
    "86.5 reassign Drone 3 → West Esplanade & West 1st Street (priority 0.34: unsearched 1.00, population 0.36, 0.1 km) — switching from Chesterfield Avenue & 1st Street West",
    "86.5 assign Drone 5 → West 2nd Street (priority 1.00: population 1.00, rescue value 1.00, 0.1 km)",
    "88 survivor Survivor found by Drone 1 near West 1st Street & West Esplanade — checking the surrounding blocks next",
    "88 replan Replanned (survivor found near West 1st Street & West Esplanade): 1 drone re-tasked",
    "88 reassign Drone 2 → East 16th Street (priority 0.45: unsearched 1.00, population 0.57, 0.1 km) — switching from Saint Georges Avenue & East 16th Street",
    "89 taskComplete Drone 1 finished West 1st Street & West Esplanade (92% searched)",
    "89 assign Drone 1 → West Esplanade (priority 0.47: hazard 0.82, unsearched 0.80, 0.1 km)",
  ],
  "metrics": {
    "areaSearchedFrac": 0.2,
    "batteryConsumed": 2.15,
    "complete": false,
    "distanceTravelled": 3142.94,
    "droneFailures": 0,
    "droneUtilization": 1,
    "populationReached": 12195.51,
    "populationTotal": 39641.58,
    "redundancyFrac": 0.1,
    "survivorsFound": 9,
    "survivorsLost": 5,
    "survivorsTotal": 25,
    "tasksCompleted": 51,
    "tasksReassigned": 0,
    "time": 90,
  },
  "trucks": [
    "1 DRIVING 151.87,117.13",
    "2 DRIVING 70.41,110.41",
  ],
}
`;

exports[`golden trace > synthetic world: placements, crowd intel, failure and recharge 1`] = `
{
  "drones": [
    "1 CHARGING 32.5,23.55 0.14 truck:1",
    "2 DISABLED 19.5,23.7 0.42 truck:null",
    "3 CHARGING 32.5,23.55 0.44 truck:1",
  ],
  "events": [
    "0 replan Replanned (initial deployment): 3 drones re-tasked",
    "0 assign Drone 1 → Block E3 (priority 0.89: population 0.85, rescue value 0.85, 0.4 km)",
    "0 assign Drone 2 → Block B5 (priority 1.00: population 1.00, rescue value 1.00, 0.6 km)",
    "0 assign Drone 3 → Block B4 (priority 1.00: population 0.99, rescue value 0.99, 0.6 km)",
    "0 placed Crowd of ~60 reported near Block D2",
    "0.05 replan Replanned (crowd reported at Block D2; crowd predicted at Test hub): 30 blocks re-scored, plan unchanged",
    "0.05 truck Truck 2 driving 0.7 km to Block B4 — closer to where the drones are working",
    "2.55 survivor Survivor found by Drone 1 near Block E3 — checking the surrounding blocks next",
    "4.4 taskComplete Drone 2 finished Block B5 (85% searched)",
    "4.4 assign Drone 2 → Block A5 (priority 0.40: unsearched 1.00, population 0.22, 0.2 km)",
    "5.05 survivor Survivor found by Drone 1 near Block D3 — checking the surrounding blocks next",
    "5.4 survivor Survivor found by Drone 1 near Block D3 — checking the surrounding blocks next",
    "5.4 replan Replanned (survivor found near Block D3): 1 drone re-tasked",
    "5.4 reassign Drone 1 → Block E4 (priority 0.74: rescue value 1.00, unsearched 1.00, 0.3 km) — switching from Block E3",
    "5.5 survivor Survivor found by Drone 1 near Block D4 — checking the surrounding blocks next",
    "6.4 survivor Survivor found by Drone 1 near Block E4 — checking the surrounding blocks next",
    "6.4 replan Replanned (survivor found near Block E4): 1 drone re-tasked",
    "6.4 reassign Drone 3 → Block C4 (priority 0.96: rescue value 1.00, population 0.89, 0.2 km) — switching from Block B4",
    "6.7 taskComplete Drone 2 finished Block A5 (85% searched)",
    "6.7 assign Drone 2 → Block A4 (priority 0.68: unsearched 1.00, population 0.58, 0.2 km)",
    "6.75 survivor Survivor found by Drone 1 near Block E4 — checking the surrounding blocks next",
    "6.75 survivor Survivor found by Drone 1 near Block E4 — checking the surrounding blocks next",
    "10.45 taskComplete Drone 1 finished Block E4 (91% searched)",
    "10.45 assign Drone 1 → Block F3 (priority 1.00: population 1.00, rescue value 1.00, 0.6 km)",
    "10.45 reassign Drone 3 → Block D3 (priority 0.98: rescue value 1.00, population 0.95, 0.4 km) — switching from Block C4",
    "10.55 survivor Survivor found by Drone 2 near Block A4 — checking the surrounding blocks next",
    "10.6 survivor Survivor found by Drone 1 near Block D4 — checking the surrounding blocks next",
    "11.45 survivor Survivor found by Drone 1 near Block E4 — checking the surrounding blocks next",
    "11.45 replan Replanned (survivor found near Block E4): 1 drone re-tasked",
    "11.45 reassign Drone 2 → Block A3 (priority 0.47: unsearched 1.00, rescue value 0.49, 0.3 km) — switching from Block A4",
    "12.15 truck Truck 1 driving 0.7 km to Block E3 — closer to where the drones are working",
    "12.9 survivor Survivor found by Drone 1 near Block F3 — checking the surrounding blocks next",
    "12.9 survivor Survivor found by Drone 3 near Block D3 — checking the surrounding blocks next",
    "13.05 survivor Survivor found by Drone 3 near Block D3 — checking the surrounding blocks next",
    "13.05 replan Replanned (survivor found near Block D3): 1 drone re-tasked",
    "13.05 reassign Drone 3 → Block D4 (priority 0.82: rescue value 1.00, unsearched 1.00, 0.2 km) — switching from Block D3",
    "13.35 survivor Survivor found by Drone 3 near Block D3 — checking the surrounding blocks next",
    "13.6 survivor Survivor found by Drone 1 near Block F3 — checking the surrounding blocks next",
    "13.95 survivor Survivor found by Drone 1 near Block F3 — checking the surrounding blocks next",
    "15.9 survivor Survivor found by Drone 1 near Block F3 — checking the surrounding blocks next",
    "15.9 survivor Survivor found by Drone 1 near Block F3 — checking the surrounding blocks next",
    "16.45 taskComplete Drone 2 finished Block A3 (91% searched)",
    "16.45 assign Drone 2 → Block B3 (priority 0.68: rescue value 0.72, unsearched 1.00, 0.4 km)",
    "17.1 taskComplete Drone 1 finished Block F3 (96% searched)",
    "17.1 assign Drone 1 → Block E2 (priority 1.00: population 1.00, rescue value 1.00, 0.3 km)",
    "18.4 taskComplete Drone 3 finished Block D4 (89% searched)",
    "18.4 assign Drone 3 → Block E5 (priority 0.73: rescue value 1.00, unsearched 1.00, 0.3 km)",
    "18.9 survivor Survivor found by Drone 1 near Block E2 — checking the surrounding blocks next",
    "19.4 survivor Survivor found by Drone 2 near Block C3 — checking the surrounding blocks next",
    "19.6 survivor Survivor found by Drone 1 near Block D3 — checking the surrounding blocks next",
    "20 failure Drone 2 went down — Block B3 handed back to the fleet",
    "20 replan Replanned (Drone 2 lost): 19 blocks re-scored, plan unchanged",
    "21 taskComplete Drone 3 finished Block E5 (95% searched)",
    "21 assign Drone 3 → Block F5 (priority 0.67: rescue value 1.00, unsearched 1.00, 0.2 km)",
    "22.2 taskComplete Drone 1 finished Block E2 (91% searched)",
    "22.2 assign Drone 1 → Block F2 (priority 0.78: rescue value 1.00, unsearched 1.00, 0.2 km)",
    "23.2 taskComplete Drone 3 finished Block F5 (85% searched)",
    "23.2 assign Drone 3 → Block F4 (priority 0.80: rescue value 1.00, unsearched 1.00, 0.2 km)",
    "24.05 survivor Survivor found by Drone 3 near Block F4 — checking the surrounding blocks next",
    "26.55 taskComplete Drone 1 finished Block F2 (98% searched)",
    "27.3 survivor Survivor found by Drone 3 near Block F4 — checking the surrounding blocks next",
    "27.45 lowBattery Drone 3 at 20% battery — flying to Truck 1 to recharge, Block F4 handed back",
    "27.45 replan Replanned (Drone 3 recalled to recharge): 1 drone re-tasked",
    "27.45 reassign Drone 1 → Block F4 (priority 0.78: rescue value 1.00, unsearched 1.00, 0.4 km) — taking over from Drone 3",
    "27.85 lowBattery Drone 1 at 20% battery — flying to Truck 1 to recharge, Block F4 handed back",
    "30 replan Replanned (priority weights changed): 15 blocks re-scored, plan unchanged",
    "31.8 recharged Drone 1 recharged on Truck 1 — ready to launch",
    "31.8 reassign Drone 1 → Block F4 (priority 0.77: rescue value 1.00, unsearched 1.00, 0.3 km) — taking over from Drone 1",
    "32.15 recharged Drone 3 recharged on Truck 1 — ready to launch",
    "32.15 reassign Drone 3 → Block B3 (priority 1.00: population 1.00, rescue value 1.00, 1.0 km) — taking over from Drone 2",
    "33.65 reassign Drone 1 → Block D5 (priority 0.67: rescue value 1.00, unsearched 1.00, 0.8 km) — switching from Block F4",
    "33.65 reassign Drone 3 → Block C3 (priority 0.79: rescue value 1.00, unsearched 1.00, 0.4 km) — switching from Block B3",
    "36.35 truck Truck 1 driving 0.8 km to Block D3 — closer to where the drones are working",
    "37.15 survivor Survivor found by Drone 1 near Block D4 — checking the surrounding blocks next",
    "37.15 replan Replanned (survivor found near Block D4): 1 drone re-tasked",
    "37.15 reassign Drone 3 → Block B3 (priority 1.00: population 1.00, rescue value 1.00, 0.2 km) — switching from Block C3",
    "38.65 reassign Drone 1 → Block C5 (priority 0.75: rescue value 1.00, unsearched 1.00, 0.2 km) — switching from Block D5",
    "39.4 taskComplete Drone 1 finished Block C5 (100% searched)",
    "39.4 assign Drone 1 → Block D2 (priority 0.65: rescue value 1.00, unsearched 1.00, 0.8 km)",
    "40.9 reassign Drone 3 → Block C2 (priority 0.74: rescue value 1.00, unsearched 1.00, 0.4 km) — switching from Block B3",
    "44.8 survivor Survivor found by Drone 3 near Block C2 — checking the surrounding blocks next",
    "45.15 survivor Survivor found by Drone 3 near Block D2 — checking the surrounding blocks next",
    "45.15 survivor Survivor found by Drone 3 near Block D2 — checking the surrounding blocks next",
    "46.55 taskComplete Drone 3 finished Block C2 (93% searched)",
    "46.55 assign Drone 3 → Block B2 (priority 0.75: rescue value 1.00, unsearched 1.00, 0.2 km)",
    "47.05 survivor Survivor found by Drone 3 near Block B2 — checking the surrounding blocks next",
    "47.9 taskComplete Drone 1 finished Block D2 (100% searched)",
    "47.9 assign Drone 1 → Block E1 (priority 1.00: population 1.00, rescue value 1.00, 0.3 km)",
    "50.65 taskComplete Drone 3 finished Block B2 (98% searched)",
    "50.65 assign Drone 3 → Block B1 (priority 0.52: rescue value 0.72, unsearched 1.00, 0.4 km)",
    "50.8 survivor Survivor found by Drone 1 near Block E1 — checking the surrounding blocks next",
    "51.3 survivor Survivor found by Drone 1 near Block E1 — checking the surrounding blocks next",
    "51.45 survivor Survivor found by Drone 1 near Block E1 — checking the surrounding blocks next",
    "52.95 reassign Drone 1 → Block F1 (priority 1.00: population 1.00, rescue value 1.00, 0.4 km) — switching from Block E1",
    "54.5 truck Truck 1 driving 1.5 km to Block E1 — closer to where the drones are working",
    "55.95 complete Search complete in 0m56s — 82% of area covered, 31/31 survivors found",
  ],
  "metrics": {
    "areaSearchedFrac": 0.82,
    "batteryConsumed": 3.68,
    "complete": true,
    "distanceTravelled": 716.44,
    "droneFailures": 1,
    "droneUtilization": 0.93,
    "populationReached": 16283.37,
    "populationTotal": 16384.5,
    "redundancyFrac": 0.27,
    "survivorsFound": 31,
    "survivorsLost": 0,
    "survivorsTotal": 31,
    "tasksCompleted": 14,
    "tasksReassigned": 3,
    "time": 55.95,
  },
  "trucks": [
    "1 PARKED 32.5,23.55",
    "2 PARKED 16.5,39.5",
  ],
}
`;
