// Vitest Snapshot v1, https://vitest.dev/guide/snapshot.html

exports[`golden trace > Lonsdale tsunami with hazard intel 1`] = `
{
  "drones": [
    "1 SEARCHING 177.8,73.5 0.67 truck:null",
    "2 SEARCHING 25.5,90.2 0.67 truck:null",
    "3 SEARCHING 148.4,159.5 0.66 truck:null",
    "4 TRAVELLING 160.21,18.89 0.66 truck:null",
    "5 TRAVELLING 91.07,112.73 0.65 truck:null",
    "6 SEARCHING 66.5,144.1 0.67 truck:null",
  ],
  "events": [
    "0 replan Replanned (initial deployment): 6 drones re-tasked",
    "0 assign Drone 1 → Carrie Cates Court & Chesterfield Place (priority 1.00: urgency 0.50, rescue value 1.00, 0.0 km)",
    "0 assign Drone 2 → 3rd Street West & West 4th Street (priority 0.41: population 0.72, unsearched 1.00, 0.4 km)",
    "0 assign Drone 3 → Victory Ship Way & East Esplanade (priority 0.85: urgency 0.40, rescue value 0.80, 0.5 km)",
    "0 assign Drone 4 → East 5th Street & East 6th Street (priority 0.48: population 0.91, unsearched 1.00, 0.7 km)",
    "0 assign Drone 5 → Fell Avenue & Harbourside Drive (priority 0.63: urgency 0.30, rescue value 0.57, 0.8 km)",
    "0 assign Drone 6 → 1st Street West & West Esplanade (priority 0.47: population 0.85, unsearched 1.00, 0.2 km)",
    "0.05 truck Truck 2 driving 1.0 km to West 4th Street & West 3rd Street — closer to where the drones are working",
    "3.6 taskComplete Drone 1 finished Carrie Cates Court & Chesterfield Place (86% searched)",
    "3.6 assign Drone 1 → Block H20 (priority 0.20: hazard 0.68, unsearched 0.19, 0.2 km)",
    "6.1 truck Truck 1 driving 0.7 km to Mahon Avenue — closer to where the drones are working",
    "6.1 truck Truck 2 driving 0.4 km to West 3rd Street & Lonsdale Avenue — closer to where the drones are working",
    "7.15 taskComplete Drone 1 finished Block H20 (87% searched)",
    "7.15 assign Drone 1 → Block I20 (priority 0.18: hazard 0.54, unsearched 0.32, 0.1 km)",
    "9.5 taskComplete Drone 6 finished 1st Street West & West Esplanade (87% searched)",
    "9.5 assign Drone 6 → Block H17 (priority 0.39: unsearched 1.00, urgency 0.12, 0.2 km)",
    "10.3 taskComplete Drone 1 finished Block I20 (86% searched)",
    "10.3 assign Drone 1 → Block M21 (priority 0.69: urgency 0.33, rescue value 0.59, 0.4 km)",
    "12 taskComplete Drone 2 finished 3rd Street West & West 4th Street (87% searched)",
    "12 assign Drone 2 → West 3rd Street & 2nd Street West (priority 0.46: population 0.65, rescue value 0.64, 0.2 km)",
    "12.15 truck Truck 1 driving 0.5 km to West Esplanade & West 1st Street — closer to where the drones are working",
    "12.15 truck Truck 2 driving 0.5 km to Lonsdale Avenue & East 5th Street — closer to where the drones are working",
    "12.85 survivor Survivor found by Drone 5 near Fell Avenue — checking the surrounding blocks next",
    "13.65 survivor Survivor found by Drone 3 near Victory Ship Way & East Esplanade — checking the surrounding blocks next",
    "14.95 taskComplete Drone 3 finished Victory Ship Way & East Esplanade (86% searched)",
    "14.95 assign Drone 3 → East 1st Street (priority 0.43: population 0.60, rescue value 0.60, 0.6 km)",
    "17.35 survivor Survivor found by Drone 5 near Fell Avenue & Harbourside Drive — checking the surrounding blocks next",
    "17.75 taskComplete Drone 4 finished East 5th Street & East 6th Street (87% searched)",
    "17.75 assign Drone 4 → West 5th Street & Lonsdale Avenue (priority 0.52: population 0.72, rescue value 0.72, 0.2 km)",
    "18.15 taskComplete Drone 6 finished Block H17 (85% searched)",
    "18.15 assign Drone 6 → Block G18 (priority 0.26: hazard 0.93, unsearched 0.03, 0.2 km)",
    "18.2 truck Truck 1 driving 1.6 km to Bewicke Avenue — closer to where the drones are working",
    "19.05 survivor Survivor found by Drone 2 near West 4th Street & West 3rd Street — checking the surrounding blocks next",
    "19.05 survivor Survivor found by Drone 2 near West 3rd Street & 2nd Street West — checking the surrounding blocks next",
    "20.1 taskComplete Drone 1 finished Block M21 (85% searched)",
    "20.1 assign Drone 1 → East Esplanade & Saint Georges Avenue (priority 0.50: rescue value 0.81, unsearched 0.98, 0.3 km)",
    "20.25 taskComplete Drone 5 finished Fell Avenue & Harbourside Drive (61% searched, rest unreachable)",
    "20.25 assign Drone 5 → Harbourside Drive & Gostick Place (priority 1.00: urgency 0.67, rescue value 1.00, 0.1 km)",
    "20.45 taskComplete Drone 6 finished Block G18 (86% searched)",
    "20.45 assign Drone 6 → Chadwick Court & Chesterfield Place (priority 0.19: hazard 0.66, unsearched 0.12, 0.1 km)",
    "21.25 survivor Survivor found by Drone 5 near Fell Avenue & Harbourside Drive — checking the surrounding blocks next",
    "21.55 taskComplete Drone 2 finished West 3rd Street & 2nd Street West (87% searched)",
    "21.55 assign Drone 2 → West 4th Street & West 3rd Street (priority 0.42: rescue value 1.00, unsearched 0.75, 0.1 km)",
    "21.8 taskComplete Drone 6 finished Chadwick Court & Chesterfield Place (86% searched)",
    "21.8 assign Drone 6 → Chadwick Court (priority 0.18: hazard 0.64, unsearched 0.12, 0.1 km)",
    "22.45 survivor Survivor found by Drone 5 near Fell Avenue & Harbourside Drive — checking the surrounding blocks next",
    "23 taskComplete Drone 6 finished Chadwick Court (90% searched)",
    "23 assign Drone 6 → Carrie Cates Court (priority 0.27: unsearched 0.82, hazard 0.40, 0.2 km)",
    "24.25 truck Truck 1 driving 0.3 km to West Esplanade — closer to where the drones are working",
    "26.6 taskComplete Drone 4 finished West 5th Street & Lonsdale Avenue (87% searched)",
    "26.6 assign Drone 4 → Chesterfield Avenue & West 5th Street (priority 0.45: population 0.62, rescue value 0.62, 0.2 km)",
    "27.35 taskComplete Drone 2 finished West 4th Street & West 3rd Street (87% searched)",
    "27.35 assign Drone 2 → West 3rd Street & Forbes Avenue (priority 0.34: rescue value 0.78, unsearched 0.78, 0.1 km)",
    "29.9 taskComplete Drone 1 finished East Esplanade & Saint Georges Avenue (88% searched)",
    "29.9 assign Drone 1 → Victory Ship Way (priority 0.46: urgency 0.21, unsearched 0.76, 0.2 km)",
    "29.9 reassign Drone 3 → East 2nd Street & Saint Andrews Avenue (priority 0.45: population 0.61, rescue value 0.61, 0.2 km) — switching from East 1st Street",
    "30.25 taskComplete Drone 6 finished Carrie Cates Court (87% searched)",
    "30.25 assign Drone 6 → West Esplanade & Chesterfield Avenue (priority 0.34: urgency 0.24, unsearched 0.44, 0.2 km)",
    "30.3 truck Truck 1 driving 1.3 km to Bewicke Avenue — closer to where the drones are working",
    "30.3 truck Truck 2 driving 0.3 km to West Keith Road & Lonsdale Avenue — closer to where the drones are working",
    "31.9 taskComplete Drone 2 finished West 3rd Street & Forbes Avenue (85% searched)",
    "31.9 assign Drone 2 → West 4th Street & Forbes Avenue (priority 0.25: unsearched 0.79, rescue value 0.42, 0.1 km)",
    "32.6 survivor Survivor found by Drone 4 near Chesterfield Avenue & West 5th Street — checking the surrounding blocks next",
    "33.5 taskComplete Drone 5 finished Harbourside Drive & Gostick Place (75% searched, rest unreachable)",
    "33.5 assign Drone 5 → Fell Avenue (priority 1.00: urgency 0.78, rescue value 1.00, 0.1 km)",
    "34.5 taskComplete Drone 4 finished Chesterfield Avenue & West 5th Street (85% searched)",
    "34.5 assign Drone 4 → West Keith Road & Chesterfield Avenue (priority 0.41: rescue value 0.69, unsearched 0.98, 0.1 km)",
    "35.75 taskComplete Drone 5 finished Fell Avenue (98% searched)",
    "35.75 reassign Drone 1 → East Esplanade & Victory Ship Way (priority 0.69: urgency 0.49, unsearched 0.85, 0.1 km) — switching from Victory Ship Way",
    "35.75 reassign Drone 2 → West Esplanade & Delbruck Avenue (priority 0.92: urgency 0.70, unsearched 0.81, 0.3 km) — switching from West 4th Street & Forbes Avenue",
    "35.75 assign Drone 5 → Fell Avenue & Harbourside Drive (priority 0.93: urgency 0.46, rescue value 1.00, 0.2 km)",
    "37.25 reassign Drone 6 → Mahon Avenue & West Esplanade (priority 0.78: urgency 0.56, unsearched 0.95, 0.2 km) — switching from West Esplanade & Chesterfield Avenue",
    "39.05 taskComplete Drone 3 finished East 2nd Street & Saint Andrews Avenue (87% searched)",
    "39.05 assign Drone 3 → Carrie Cates Court & Lonsdale Avenue (priority 0.68: urgency 0.48, hazard 0.42, 0.6 km)",
    "40.55 taskComplete Drone 1 finished East Esplanade & Victory Ship Way (88% searched)",
    "40.55 assign Drone 1 → East 3rd Street & Saint Andrews Avenue (priority 0.32: unsearched 0.98, population 0.25, 0.4 km)",
    "41.75 taskComplete Drone 4 finished West Keith Road & Chesterfield Avenue (88% searched)",
    "41.75 assign Drone 4 → West 15th Street (priority 0.71: population 1.00, rescue value 1.00, 0.6 km)",
    "42.7 taskComplete Drone 5 finished Fell Avenue & Harbourside Drive (86% searched)",
    "42.7 assign Drone 5 → Fell Avenue & Copping Street (priority 0.97: urgency 0.86, unsearched 0.81, 0.2 km)",
    "45.45 taskComplete Drone 2 finished West Esplanade & Delbruck Avenue (88% searched)",
    "45.45 assign Drone 2 → Bewicke Avenue & Copping Street (priority 1.00: urgency 0.86, unsearched 1.00, 0.2 km)",
    "45.9 taskComplete Drone 6 finished Mahon Avenue & West Esplanade (88% searched)",
    "45.9 assign Drone 6 → West Esplanade (priority 0.79: urgency 0.62, unsearched 0.85, 0.2 km)",
    "51.9 reassign Drone 5 → Block B18 (priority 0.84: urgency 0.62, hazard 0.99, 0.6 km) — switching from Fell Avenue & Copping Street",
    "52.45 taskComplete Drone 3 finished Carrie Cates Court & Lonsdale Avenue (86% searched)",
    "52.45 assign Drone 3 → Victory Ship Way (priority 0.43: urgency 0.24, hazard 0.39, 0.1 km)",
    "53.05 taskComplete Drone 1 finished East 3rd Street & Saint Andrews Avenue (90% searched)",
    "53.05 assign Drone 1 → East 5th Street & Saint Georges Avenue (priority 0.43: unsearched 0.98, population 0.52, 0.3 km)",
    "53.4 taskComplete Drone 6 finished West Esplanade (85% searched)",
    "53.4 assign Drone 6 → Block D13 (priority 0.98: urgency 0.91, unsearched 0.86, 0.3 km)",
    "54 taskComplete Drone 2 finished Bewicke Avenue & Copping Street (87% searched)",
    "54 assign Drone 2 → Fell Avenue & West 2nd Street (priority 0.84: urgency 0.79, unsearched 0.76, 0.3 km)",
    "54.5 truck Truck 2 driving 0.4 km to West 13th Street & West 12th Street — closer to where the drones are working",
    "55.45 taskComplete Drone 3 finished Victory Ship Way (90% searched)",
    "55.45 assign Drone 3 → Block L21 (priority 0.35: hazard 0.96, rescue value 0.35, 0.1 km)",
    "56.6 taskComplete Drone 3 finished Block L21 (87% searched)",
    "56.6 assign Drone 3 → Block M22 (priority 0.22: hazard 0.82, 0.1 km)",
    "58.95 taskComplete Drone 3 finished Block M22 (100% searched)",
    "58.95 assign Drone 3 → East Esplanade & Victory Ship Way (priority 0.26: rescue value 0.54, unsearched 0.43, 0.3 km)",
    "60.05 impact TSUNAMI IMPACT — 0.4 km² below 12 m flooded; 4 unfound survivor(s) lost, 8 found in time",
    "60.05 replan Replanned (tsunami impact): 4 drones re-tasked",
    "60.05 reassign Drone 1 → East 8th Street & East 11th Street (priority 0.81: population 0.76, rescue value 0.76, 0.4 km) — switching from East 5th Street & Saint Georges Avenue",
    "60.05 reassign Drone 2 → Marine Drive & West 3rd Street (priority 0.83: rescue value 0.78, population 0.66, 0.2 km) — switching from Fell Avenue & West 2nd Street",
    "60.05 reassign Drone 4 → West 18th Street & West 17th Street (priority 1.00: population 1.00, rescue value 1.00, 0.3 km) — switching from West 15th Street",
    "60.05 reassign Drone 6 → West 1st Street & West Esplanade (priority 0.58: hazard 0.58, unsearched 0.81, 0.2 km) — switching from Block D13",
    "60.55 truck Truck 1 driving 0.5 km to 2nd Street West & Mahon Avenue — closer to where the drones are working",
    "60.55 truck Truck 2 driving 0.5 km to Lonsdale Avenue & East 14th Street — closer to where the drones are working",
    "61.35 survivor Survivor found by Drone 4 near West 16th Street — checking the surrounding blocks next",
    "63.15 survivor Survivor found by Drone 6 near West 1st Street & West Esplanade — checking the surrounding blocks next",
    "64.65 reassign Drone 3 → Lonsdale Avenue & West 1st Street (priority 0.54: unsearched 0.81, population 0.45, 0.2 km) — switching from East Esplanade & Victory Ship Way",
    "66.15 reassign Drone 5 → Block B17 (priority 0.19: rescue value 0.35, unsearched 0.21, 0.1 km) — switching from Block B18",
    "68.35 taskComplete Drone 5 finished Block B17 (92% searched)",
    "68.35 assign Drone 5 → Gostick Place & Harbourside Drive (priority 0.47: rescue value 1.00, unsearched 0.20, 0.3 km)",
    "69.7 taskComplete Drone 2 finished Marine Drive & West 3rd Street (88% searched)",
    "69.7 assign Drone 2 → West 2nd Street (priority 0.86: rescue value 0.63, hazard 0.62, 0.1 km)",
    "70.05 taskComplete Drone 6 finished West 1st Street & West Esplanade (85% searched)",
    "70.05 assign Drone 6 → West Esplanade & West 1st Street (priority 0.69: hazard 0.66, rescue value 0.52, 0.1 km)",
    "71.7 taskComplete Drone 4 finished West 18th Street & West 17th Street (87% searched)",
    "71.7 assign Drone 4 → East 17th Street & Eastern Avenue (priority 1.00: population 1.00, rescue value 1.00, 0.2 km)",
    "72.1 taskComplete Drone 1 finished East 8th Street & East 11th Street (87% searched)",
    "72.1 assign Drone 1 → East 12th Street & East 13th Street (priority 0.79: population 0.70, rescue value 0.70, 0.3 km)",
    "73.2 taskComplete Drone 3 finished Lonsdale Avenue & West 1st Street (87% searched)",
    "73.2 assign Drone 3 → West 4th Street & West 3rd Street (priority 0.81: population 0.68, rescue value 0.68, 0.3 km)",
    "73.45 taskComplete Drone 6 finished West Esplanade & West 1st Street (85% searched)",
    "73.45 assign Drone 6 → West Esplanade & West 1st Street (priority 0.77: hazard 0.66, unsearched 0.93, 0.2 km)",
    "73.75 taskComplete Drone 5 finished Gostick Place & Harbourside Drive (87% searched)",
    "73.75 assign Drone 5 → West 3rd Street & Mahon Avenue (priority 0.72: rescue value 1.00, unsearched 0.66, 0.7 km)",
    "77.5 taskComplete Drone 2 finished West 2nd Street (69% searched, rest unreachable)",
    "77.5 assign Drone 2 → West 14th Street & Bewicke Avenue (priority 0.58: unsearched 0.98, population 0.41, 0.2 km)",
    "78.7 truck Truck 1 driving 0.8 km to West 4th Street & West 3rd Street — closer to where the drones are working",
    "79.05 survivor Survivor found by Drone 4 near Eastern Avenue — checking the surrounding blocks next",
    "81.15 taskComplete Drone 6 finished West Esplanade & West 1st Street (92% searched)",
    "81.15 assign Drone 6 → West Esplanade (priority 0.47: hazard 0.66, rescue value 0.35, 0.2 km)",
    "82.85 taskComplete Drone 1 finished East 12th Street & East 13th Street (86% searched)",
    "82.85 assign Drone 1 → East 13th Street (priority 0.85: population 0.85, rescue value 0.85, 0.2 km)",
    "83.55 taskComplete Drone 3 finished West 4th Street & West 3rd Street (88% searched)",
    "83.55 assign Drone 3 → East 3rd Street & East 4th Street (priority 0.74: population 0.67, rescue value 0.67, 0.2 km)",
    "84.7 taskComplete Drone 4 finished East 17th Street & Eastern Avenue (77% searched, rest unreachable)",
    "84.7 assign Drone 4 → West 18th Street & West 19th Street (priority 1.00: population 1.00, rescue value 1.00, 0.3 km)",
    "84.75 truck Truck 2 driving 0.2 km to Lonsdale Avenue & West 16th Street — closer to where the drones are working",
    "85.2 taskComplete Drone 6 finished West Esplanade (86% searched)",
    "85.2 assign Drone 6 → West Esplanade & Forbes Avenue (priority 0.49: hazard 0.71, unsearched 0.48, 0.2 km)",
    "86.5 taskComplete Drone 2 finished West 14th Street & Bewicke Avenue (85% searched)",
    "86.5 assign Drone 2 → West 2nd Street & Bewicke Avenue (priority 0.55: hazard 0.79, unsearched 0.93, 0.3 km)",
    "89 taskComplete Drone 5 finished West 3rd Street & Mahon Avenue (85% searched)",
    "89 assign Drone 5 → Chesterfield Avenue & West 4th Street (priority 0.80: rescue value 0.87, unsearched 0.97, 0.3 km)",
  ],
  "metrics": {
    "areaSearchedFrac": 0.2,
    "batteryConsumed": 2.03,
    "complete": false,
    "distanceTravelled": 2959.12,
    "droneFailures": 0,
    "droneUtilization": 1,
    "populationReached": 10097.87,
    "populationTotal": 39641.58,
    "redundancyFrac": 0.11,
    "survivorsFound": 11,
    "survivorsLost": 4,
    "survivorsTotal": 25,
    "tasksCompleted": 51,
    "tasksReassigned": 0,
    "time": 90,
  },
  "trucks": [
    "1 DRIVING 81.5,126.34",
    "2 DRIVING 165.5,51.48",
  ],
}
`;

exports[`golden trace > synthetic world: placements, crowd intel, failure and recharge 1`] = `
{
  "drones": [
    "1 CHARGING 8.5,37.44 0.87 truck:2",
    "2 DISABLED 53.5,35.2 0.46 truck:null",
    "3 IDLE 8.5,37.44 1 truck:2",
  ],
  "events": [
    "0 replan Replanned (initial deployment): 3 drones re-tasked",
    "0 assign Drone 1 → Block D3 (priority 1.00: population 1.00, rescue value 1.00, 0.1 km)",
    "0 assign Drone 2 → Block D4 (priority 0.96: population 0.96, rescue value 0.96, 0.1 km)",
    "0 assign Drone 3 → Block D2 (priority 1.00: population 1.00, rescue value 1.00, 0.2 km)",
    "0 placed Crowd of ~60 reported near Block D2",
    "0.05 replan Replanned (crowd predicted at Test hub): 30 blocks re-scored, plan unchanged",
    "0.05 truck Truck 2 driving 0.8 km to Block B3 — closer to where the drones are working",
    "1.15 survivor Survivor found by Drone 2 near Block D4 — checking the surrounding blocks next",
    "1.55 survivor Survivor found by Drone 2 near Block D4 — checking the surrounding blocks next",
    "1.75 survivor Survivor found by Drone 1 near Block D3 — checking the surrounding blocks next",
    "1.85 survivor Survivor found by Drone 3 near Block D2 — checking the surrounding blocks next",
    "2.8 survivor Survivor found by Drone 1 near Block D3 — checking the surrounding blocks next",
    "2.8 survivor Survivor found by Drone 1 near Block D3 — checking the surrounding blocks next",
    "2.85 survivor Survivor found by Drone 3 near Block D2 — checking the surrounding blocks next",
    "3.4 survivor Survivor found by Drone 1 near Block D3 — checking the surrounding blocks next",
    "3.55 survivor Survivor found by Drone 1 near Block D3 — checking the surrounding blocks next",
    "3.55 survivor Survivor found by Drone 2 near Block D3 — checking the surrounding blocks next",
    "4.2 taskComplete Drone 1 finished Block D3 (90% searched)",
    "4.2 assign Drone 1 → Block C3 (priority 0.84: rescue value 1.00, unsearched 0.97, 0.3 km)",
    "6 taskComplete Drone 3 finished Block D2 (88% searched)",
    "6 assign Drone 3 → Block E2 (priority 0.98: rescue value 1.00, population 0.97, 0.2 km)",
    "6.1 truck Truck 1 driving 0.7 km to Block E3 — closer to where the drones are working",
    "6.3 survivor Survivor found by Drone 3 near Block E2 — checking the surrounding blocks next",
    "7.2 survivor Survivor found by Drone 1 near Block C3 — checking the surrounding blocks next",
    "7.2 replan Replanned (survivor found near Block C3): 2 drones re-tasked",
    "7.2 reassign Drone 1 → Block B3 (priority 0.93: rescue value 1.00, population 0.85, 0.2 km) — switching from Block C3",
    "7.2 reassign Drone 2 → Block E4 (priority 0.89: rescue value 1.00, population 0.79, 0.3 km) — switching from Block D4",
    "7.3 survivor Survivor found by Drone 2 near Block D4 — checking the surrounding blocks next",
    "7.65 survivor Survivor found by Drone 3 near Block E3 — checking the surrounding blocks next",
    "10.65 reassign Drone 3 → Block F1 (priority 0.98: rescue value 1.00, population 0.97, 0.4 km) — switching from Block E2",
    "11.75 survivor Survivor found by Drone 2 near Block E4 — checking the surrounding blocks next",
    "12.35 survivor Survivor found by Drone 2 near Block E4 — checking the surrounding blocks next",
    "12.75 survivor Survivor found by Drone 2 near Block E4 — checking the surrounding blocks next",
    "13.15 survivor Survivor found by Drone 2 near Block E4 — checking the surrounding blocks next",
    "13.15 replan Replanned (survivor found near Block E4): 1 drone re-tasked",
    "13.15 reassign Drone 2 → Block F4 (priority 0.86: rescue value 1.00, population 0.74, 0.4 km) — switching from Block E4",
    "13.95 taskComplete Drone 1 finished Block B3 (87% searched)",
    "13.95 assign Drone 1 → Block B4 (priority 0.94: rescue value 1.00, population 0.88, 0.2 km)",
    "14.25 survivor Survivor found by Drone 2 near Block F3 — checking the surrounding blocks next",
    "15.25 survivor Survivor found by Drone 2 near Block F4 — checking the surrounding blocks next",
    "17.15 survivor Survivor found by Drone 3 near Block E1 — checking the surrounding blocks next",
    "17.55 survivor Survivor found by Drone 3 near Block E1 — checking the surrounding blocks next",
    "17.85 taskComplete Drone 3 finished Block F1 (85% searched)",
    "17.85 assign Drone 3 → Block E1 (priority 0.75: rescue value 1.00, population 0.57, 0.2 km)",
    "18.2 survivor Survivor found by Drone 3 near Block E1 — checking the surrounding blocks next",
    "19.45 taskComplete Drone 2 finished Block F4 (87% searched)",
    "19.45 assign Drone 2 → Block F3 (priority 0.89: rescue value 1.00, population 0.80, 0.4 km)",
    "20 failure Drone 2 went down — Block F3 handed back to the fleet",
    "20 replan Replanned (Drone 2 lost): 20 blocks re-scored, plan unchanged",
    "20.25 taskComplete Drone 1 finished Block B4 (86% searched)",
    "20.25 assign Drone 1 → Block A3 (priority 0.85: population 0.83, rescue value 0.83, 0.4 km)",
    "21.65 taskComplete Drone 3 finished Block E1 (87% searched)",
    "21.65 reassign Drone 3 → Block F3 (priority 0.89: rescue value 1.00, population 0.80, 0.8 km) — taking over from Drone 2",
    "24.75 survivor Survivor found by Drone 3 near Block F3 — checking the surrounding blocks next",
    "26.05 survivor Survivor found by Drone 3 near Block F3 — checking the surrounding blocks next",
    "26.45 taskComplete Drone 1 finished Block A3 (88% searched)",
    "26.45 assign Drone 1 → Block A2 (priority 0.78: population 0.77, rescue value 0.77, 0.2 km)",
    "27.65 survivor Survivor found by Drone 3 near Block F3 — checking the surrounding blocks next",
    "30 replan Replanned (priority weights changed): 1 drone re-tasked",
    "30 reassign Drone 3 → Block F2 (priority 0.70: rescue value 1.00, population 0.50, 0.2 km) — switching from Block F3",
    "31 taskComplete Drone 1 finished Block A2 (85% searched)",
    "32.8 taskComplete Drone 3 finished Block F2 (85% searched)",
    "37.75 recharged Drone 1 recharged on Truck 2 — ready to launch",
    "37.75 assign Drone 1 → Block B2 (priority 0.84: rescue value 1.00, population 0.72, 0.3 km)",
    "37.85 recharged Drone 3 recharged on Truck 1 — ready to launch",
    "37.85 assign Drone 3 → Block E3 (priority 0.65: rescue value 1.00, population 0.50, 0.2 km)",
    "39.1 survivor Survivor found by Drone 1 near Block B2 — checking the surrounding blocks next",
    "39.9 taskComplete Drone 3 finished Block E3 (91% searched)",
    "39.9 assign Drone 3 → Block F3 (priority 0.44: rescue value 1.00, population 0.09, 0.3 km)",
    "41.7 taskComplete Drone 3 finished Block F3 (89% searched)",
    "41.7 assign Drone 3 → Block F5 (priority 0.40: rescue value 1.00, population 0.02, 0.6 km)",
    "42.4 truck Truck 1 driving 0.9 km to Block F5 — closer to where the drones are working",
    "43.4 taskComplete Drone 1 finished Block B2 (87% searched)",
    "43.4 assign Drone 1 → Block B1 (priority 0.87: rescue value 1.00, population 0.79, 0.4 km)",
    "44.55 taskComplete Drone 3 finished Block F5 (85% searched)",
    "44.55 assign Drone 3 → Block C4 (priority 0.71: rescue value 1.00, population 0.54, 0.9 km)",
    "49.65 taskComplete Drone 1 finished Block B1 (86% searched)",
    "49.65 assign Drone 1 → Block C1 (priority 1.00: population 1.00, rescue value 1.00, 0.2 km)",
    "52.15 taskComplete Drone 3 finished Block C4 (87% searched)",
    "52.15 assign Drone 3 → Block C3 (priority 0.57: rescue value 1.00, population 0.29, 0.2 km)",
    "54.25 taskComplete Drone 1 finished Block C1 (88% searched)",
    "54.25 assign Drone 1 → Block D1 (priority 0.73: rescue value 1.00, population 0.57, 0.4 km)",
    "54.25 reassign Drone 3 → Block C2 (priority 0.94: rescue value 1.00, population 0.91, 0.2 km) — switching from Block C3",
    "54.6 survivor Survivor found by Drone 3 near Block C2 — checking the surrounding blocks next",
    "57.8 taskComplete Drone 1 finished Block D1 (86% searched)",
    "57.8 assign Drone 1 → Block A1 (priority 0.94: rescue value 1.00, population 0.90, 0.9 km)",
    "57.95 taskComplete Drone 3 finished Block C2 (88% searched)",
    "57.95 reassign Drone 1 → Block A4 (priority 1.00: population 1.00, rescue value 1.00, 1.3 km) — switching from Block A1",
    "57.95 reassign Drone 3 → Block A1 (priority 0.94: rescue value 1.00, population 0.90, 0.6 km) — taking over from Drone 1",
    "63.95 survivor Survivor found by Drone 1 near Block A4 — checking the surrounding blocks next",
    "64.65 taskComplete Drone 3 finished Block A1 (87% searched)",
    "66.6 truck Truck 2 driving 0.9 km to Block A5 — closer to where the drones are working",
    "67.65 reassign Drone 1 has nothing worthwhile in range — landing on the nearest truck",
    "73.2 recharged Drone 3 recharged on Truck 2 — ready to launch",
    "73.2 assign Drone 3 → Block A5 (priority 1.00: population 1.00, rescue value 1.00, 0.4 km)",
    "74.6 recharged Drone 1 recharged on Truck 2 — ready to launch",
    "74.6 assign Drone 1 → Block C5 (priority 0.51: rescue value 1.00, population 0.22, 0.6 km)",
    "76.05 taskComplete Drone 3 finished Block A5 (100% searched)",
    "77.05 taskComplete Drone 1 finished Block C5 (95% searched)",
    "77.05 complete Search complete in 1m17s — 96% of area covered, 29/31 survivors found",
  ],
  "metrics": {
    "areaSearchedFrac": 0.96,
    "batteryConsumed": 4.38,
    "complete": true,
    "distanceTravelled": 852.97,
    "droneFailures": 1,
    "droneUtilization": 0.84,
    "populationReached": 15953.31,
    "populationTotal": 16784.5,
    "redundancyFrac": 0.27,
    "survivorsFound": 29,
    "survivorsLost": 0,
    "survivorsTotal": 31,
    "tasksCompleted": 22,
    "tasksReassigned": 2,
    "time": 77.05,
  },
  "trucks": [
    "1 PARKED 56.5,41.5",
    "2 PARKED 8.5,37.44",
  ],
}
`;
