// Vitest Snapshot v1, https://vitest.dev/guide/snapshot.html

exports[`golden trace > Lonsdale tsunami with hazard intel 1`] = `
{
  "drones": [
    "1 SEARCHING 43.2,132.5 0.65 truck:null",
    "2 SEARCHING 179.5,27 0.64 truck:null",
    "3 SEARCHING 209.2,192.5 0.64 truck:null",
    "4 SEARCHING 139.5,186.7 0.64 truck:null",
    "5 TRAVELLING 8.81,75.14 0.64 truck:null",
    "6 SEARCHING 139.5,127.5 0.64 truck:null",
  ],
  "events": [
    "0 replan Replanned (initial deployment): 6 drones re-tasked",
    "0 assign Drone 1 → Carrie Cates Court & Chesterfield Place (priority 1.00: urgency 0.50, rescue value 1.00, 0.0 km)",
    "0 assign Drone 2 → 3rd Street West & West 4th Street (priority 0.39: population 0.62, unsearched 1.00, 0.4 km)",
    "0 assign Drone 3 → Victory Ship Way & East Esplanade (priority 0.84: urgency 0.39, rescue value 0.79, 0.5 km)",
    "0 assign Drone 4 → East 5th Street & East 6th Street (priority 0.45: population 0.78, unsearched 1.00, 0.7 km)",
    "0 assign Drone 5 → Fell Avenue & Harbourside Drive (priority 0.89: urgency 0.44, rescue value 0.84, 0.8 km)",
    "0 assign Drone 6 → Block E18 (priority 0.40: hazard 1.00, unsearched 1.00, 0.5 km)",
    "0.05 truck Truck 1 driving 0.6 km to Mahon Avenue — closer to where the drones are working",
    "0.05 truck Truck 2 driving 1.4 km to West 5th Street & West 4th Street — closer to where the drones are working",
    "4.15 taskComplete Drone 1 finished Carrie Cates Court & Chesterfield Place (91% searched)",
    "4.15 assign Drone 1 → Block H17 (priority 0.42: unsearched 1.00, urgency 0.12, 0.1 km)",
    "6.1 truck Truck 1 driving 0.7 km to East 3rd Street & Lonsdale Avenue — closer to where the drones are working",
    "6.1 truck Truck 2 driving 0.3 km to Mahon Avenue — closer to where the drones are working",
    "8.45 survivor Survivor found by Drone 3 near Victory Ship Way & East Esplanade — checking the surrounding blocks next",
    "8.45 replan Replanned (survivor found near Victory Ship Way & East Esplanade): 1 drone re-tasked",
    "8.45 reassign Drone 1 → 1st Street West & West Esplanade (priority 0.45: population 0.73, rescue value 0.60, 0.2 km) — switching from Block H17",
    "9.4 taskComplete Drone 6 finished Block E18 (100% searched)",
    "9.4 assign Drone 6 → Block D18 (priority 0.37: hazard 0.99, unsearched 0.80, 0.1 km)",
    "9.9 taskComplete Drone 2 finished 3rd Street West & West 4th Street (89% searched)",
    "9.9 assign Drone 2 → West 4th Street & Mahon Avenue (priority 0.26: unsearched 1.00, population 0.32, 0.1 km)",
    "11.8 taskComplete Drone 6 finished Block D18 (92% searched)",
    "11.8 assign Drone 6 → Block C18 (priority 0.36: hazard 1.00, unsearched 0.80, 0.1 km)",
    "12.15 truck Truck 2 driving 0.3 km to West Esplanade & West 1st Street — closer to where the drones are working",
    "12.8 taskComplete Drone 3 finished Victory Ship Way & East Esplanade (89% searched)",
    "12.8 assign Drone 3 → Block M21 (priority 0.67: rescue value 0.76, urgency 0.23, 0.1 km)",
    "13.2 survivor Survivor found by Drone 5 near Fell Avenue — checking the surrounding blocks next",
    "14.7 reassign Drone 2 → West 5th Street & Mahon Avenue (priority 0.20: unsearched 1.00, population 0.24, 0.2 km) — switching from West 4th Street & Mahon Avenue",
    "14.7 reassign Drone 6 → Fell Avenue (priority 1.00: urgency 0.62, rescue value 1.00, 0.3 km) — switching from Block C18",
    "15.3 taskComplete Drone 4 finished East 5th Street & East 6th Street (89% searched)",
    "15.3 assign Drone 4 → Lonsdale Avenue & East 6th Street (priority 0.24: unsearched 1.00, population 0.39, 0.1 km)",
    "15.5 survivor Survivor found by Drone 5 near Fell Avenue & Harbourside Drive — checking the surrounding blocks next",
    "15.5 replan Replanned (survivor found near Fell Avenue & Harbourside Drive): 1 drone re-tasked",
    "15.5 reassign Drone 1 → Chesterfield Avenue & 1st Street West (priority 0.32: population 0.66, unsearched 1.00, 0.2 km) — switching from 1st Street West & West Esplanade",
    "17 reassign Drone 3 → Block L21 (priority 0.37: hazard 0.81, unsearched 1.00, 0.1 km) — switching from Block M21",
    "18.2 truck Truck 1 driving 0.5 km to West 3rd Street & 2nd Street West — closer to where the drones are working",
    "18.2 truck Truck 2 driving 1.6 km to Fell Avenue & Harbourside Drive — closer to where the drones are working",
    "19.5 taskComplete Drone 3 finished Block L21 (93% searched)",
    "19.5 assign Drone 3 → Victory Ship Way (priority 0.31: unsearched 1.00, hazard 0.46, 0.1 km)",
    "20.05 taskComplete Drone 4 finished Lonsdale Avenue & East 6th Street (91% searched)",
    "20.05 reassign Drone 1 → 1st Street West & Semisch Avenue (priority 0.28: unsearched 1.00, population 0.56, 0.1 km) — switching from Chesterfield Avenue & 1st Street West",
    "20.05 assign Drone 4 → East 6th Street & Saint Georges Avenue (priority 0.21: unsearched 1.00, population 0.29, 0.2 km)",
    "20.25 survivor Survivor found by Drone 5 near Fell Avenue & Harbourside Drive — checking the surrounding blocks next",
    "20.7 taskComplete Drone 5 finished Fell Avenue & Harbourside Drive (65% searched, rest unreachable)",
    "20.7 reassign Drone 2 → West 15th Street (priority 0.58: population 1.00, rescue value 1.00, 0.7 km) — switching from West 5th Street & Mahon Avenue",
    "20.7 assign Drone 5 → Harbourside Drive & Gostick Place (priority 1.00: urgency 0.67, rescue value 1.00, 0.1 km)",
    "20.7 reassign Drone 6 → Block B17 (priority 0.50: hazard 0.99, unsearched 1.00, 0.2 km) — switching from Fell Avenue",
    "24.25 truck Truck 1 driving 0.5 km to Lonsdale Avenue & West 6th Street — closer to where the drones are working",
    "24.25 truck Truck 2 driving 1.4 km to Bewicke Avenue — closer to where the drones are working",
    "24.8 taskComplete Drone 3 finished Victory Ship Way (93% searched)",
    "24.8 reassign Drone 1 → 2nd Street West & Mahon Avenue (priority 0.38: unsearched 1.00, population 0.53, 0.1 km) — switching from 1st Street West & Semisch Avenue",
    "24.8 assign Drone 3 → East Esplanade & Victory Ship Way (priority 0.45: rescue value 0.70, unsearched 1.00, 0.2 km)",
    "25.95 taskComplete Drone 6 finished Block B17 (100% searched)",
    "25.95 assign Drone 6 → Block B18 (priority 0.42: hazard 1.00, unsearched 1.00, 0.1 km)",
    "26.4 taskComplete Drone 4 finished East 6th Street & Saint Georges Avenue (96% searched)",
    "26.4 assign Drone 4 → East 5th Street & Saint Georges Avenue (priority 0.31: unsearched 1.00, population 0.39, 0.1 km)",
    "29.85 taskComplete Drone 1 finished 2nd Street West & Mahon Avenue (93% searched)",
    "29.85 assign Drone 1 → West 3rd Street & 2nd Street West (priority 0.27: population 0.56, unsearched 0.80, 0.2 km)",
    "29.85 reassign Drone 6 → Block G18 (priority 0.30: hazard 0.94, unsearched 0.80, 0.5 km) — switching from Block B18",
    "30.3 truck Truck 2 driving 0.4 km to West Esplanade — closer to where the drones are working",
    "31.15 taskComplete Drone 4 finished East 5th Street & Saint Georges Avenue (91% searched)",
    "31.15 assign Drone 4 → East 5th Street & East 4th Street (priority 0.21: unsearched 1.00, population 0.32, 0.1 km)",
    "31.55 taskComplete Drone 3 finished East Esplanade & Victory Ship Way (85% searched)",
    "31.55 assign Drone 3 → East Esplanade & Saint Georges Avenue (priority 0.31: unsearched 1.00, rescue value 0.57, 0.1 km)",
    "31.95 taskComplete Drone 5 finished Harbourside Drive & Gostick Place (73% searched, rest unreachable)",
    "31.95 reassign Drone 3 → Victory Ship Way (priority 0.91: urgency 0.77, unsearched 1.00, 0.3 km) — switching from East Esplanade & Saint Georges Avenue",
    "31.95 assign Drone 5 → Gostick Place & Harbourside Drive (priority 1.00: urgency 0.77, rescue value 0.70, 0.1 km)",
    "34.95 reassign Drone 4 → Block K20 (priority 0.92: urgency 0.79, hazard 0.67, 0.7 km) — switching from East 5th Street & East 4th Street",
    "35.25 survivor Survivor found by Drone 1 near West 3rd Street & 2nd Street West — checking the surrounding blocks next",
    "35.75 survivor Survivor found by Drone 2 near West 16th Street — checking the surrounding blocks next",
    "36.35 truck Truck 1 driving 0.3 km to West Esplanade & Rogers Avenue — closer to where the drones are working",
    "36.35 truck Truck 2 driving 1.2 km to Bewicke Avenue — closer to where the drones are working",
    "36.6 taskComplete Drone 1 finished West 3rd Street & 2nd Street West (89% searched)",
    "36.6 assign Drone 1 → West Esplanade (priority 0.82: urgency 0.80, unsearched 0.80, 0.4 km)",
    "37.7 taskComplete Drone 5 finished Gostick Place & Harbourside Drive (85% searched)",
    "37.7 assign Drone 5 → Fell Avenue & Harbourside Drive (priority 1.00: urgency 0.81, rescue value 0.70, 0.1 km)",
    "39.2 reassign Drone 6 → Chadwick Court & Chesterfield Place (priority 0.95: urgency 0.83, hazard 0.78, 0.1 km) — switching from Block G18",
    "39.65 taskComplete Drone 3 finished Victory Ship Way (96% searched)",
    "39.65 assign Drone 3 → Block M22 (priority 0.91: urgency 0.83, hazard 0.74, 0.1 km)",
    "40.7 taskComplete Drone 3 finished Block M22 (100% searched)",
    "40.7 assign Drone 3 → Block O22 (priority 0.83: urgency 0.84, unsearched 1.00, 0.2 km)",
    "40.7 reassign Drone 6 → Mahon Avenue (priority 0.93: urgency 0.84, hazard 0.71, 0.2 km) — switching from Chadwick Court & Chesterfield Place",
    "42.2 reassign Drone 5 → Fell Avenue & Automall Drive (priority 0.85: urgency 0.85, unsearched 1.00, 0.1 km) — switching from Fell Avenue & Harbourside Drive",
    "42.85 taskComplete Drone 2 finished West 15th Street (74% searched, rest unreachable)",
    "42.85 assign Drone 2 → West 16th Street (priority 0.64: population 1.00, rescue value 1.00, 0.1 km)",
    "44.6 taskComplete Drone 3 finished Block O22 (90% searched)",
    "44.6 assign Drone 3 → Low Level Road & East Esplanade (priority 0.54: urgency 0.46, unsearched 1.00, 0.1 km)",
    "45.05 taskComplete Drone 6 finished Mahon Avenue (91% searched)",
    "45.05 assign Drone 6 → Block E17 (priority 1.00: urgency 0.88, hazard 1.00, 0.1 km)",
    "46.35 taskComplete Drone 3 finished Low Level Road & East Esplanade (90% searched)",
    "46.35 assign Drone 3 → East 1st Street (priority 0.43: population 0.65, rescue value 0.65, 0.2 km)",
    "47.45 taskComplete Drone 1 finished West Esplanade (92% searched)",
    "47.45 assign Drone 1 → Block D13 (priority 0.89: urgency 0.90, unsearched 1.00, 0.1 km)",
    "47.45 reassign Drone 6 → Mahon Avenue (priority 0.96: urgency 0.90, hazard 0.82, 0.2 km) — switching from Block E17",
    "48.45 taskComplete Drone 5 finished Fell Avenue & Automall Drive (91% searched)",
    "48.45 reassign Drone 4 → Block J20 (priority 0.97: urgency 0.90, hazard 0.83, 0.1 km) — switching from Block K20",
    "48.45 assign Drone 5 → Fell Avenue & Copping Street (priority 0.86: urgency 0.90, unsearched 1.00, 0.1 km)",
    "48.45 truck Truck 2 driving 0.5 km to West Esplanade & West 1st Street — closer to where the drones are working",
    "49.75 taskComplete Drone 3 finished East 1st Street (90% searched)",
    "49.75 assign Drone 3 → East Esplanade & Victory Ship Way (priority 0.55: urgency 0.49, unsearched 1.00, 0.3 km)",
    "51.25 reassign Drone 2 → East 17th Street & Eastern Avenue (priority 0.57: population 1.00, rescue value 1.00, 0.2 km) — switching from West 16th Street",
    "51.25 reassign Drone 4 → Block I20 (priority 0.91: urgency 0.88, hazard 0.66, 0.1 km) — switching from Block J20",
    "52.5 taskComplete Drone 1 finished Block D13 (90% searched)",
    "52.5 assign Drone 1 → Block C16 (priority 1.00: urgency 0.94, hazard 0.94, 0.3 km)",
    "53.45 taskComplete Drone 5 finished Fell Avenue & Copping Street (91% searched)",
    "53.45 taskComplete Drone 6 finished Mahon Avenue (89% searched)",
    "53.45 assign Drone 5 → West 2nd Street & Fell Avenue (priority 0.87: urgency 0.94, unsearched 1.00, 0.1 km)",
    "53.45 assign Drone 6 → West Esplanade (priority 0.81: urgency 0.80, unsearched 1.00, 0.1 km)",
    "54.85 taskComplete Drone 4 finished Block I20 (96% searched)",
    "54.85 assign Drone 4 → Block H20 (priority 1.00: urgency 0.96, hazard 0.98, 0.1 km)",
    "55.25 survivor Survivor found by Drone 2 near Eastern Avenue — checking the surrounding blocks next",
    "57.5 taskComplete Drone 4 finished Block H20 (96% searched)",
    "57.5 assign Drone 4 → Chadwick Court (priority 0.98: urgency 0.98, hazard 0.88, 0.1 km)",
    "58.35 taskComplete Drone 3 finished East Esplanade & Victory Ship Way (93% searched)",
    "58.35 taskComplete Drone 6 finished West Esplanade (90% searched)",
    "58.35 assign Drone 3 → Carrie Cates Court & Lonsdale Avenue (priority 0.86: urgency 0.88, unsearched 1.00, 0.5 km)",
    "58.35 reassign Drone 5 → Fell Avenue & West 2nd Street (priority 0.75: urgency 0.75, unsearched 1.00, 0.1 km) — switching from West 2nd Street & Fell Avenue",
    "58.35 assign Drone 6 → Block D14 (priority 0.95: urgency 0.95, hazard 0.77, 0.3 km)",
    "59.85 reassign Drone 1 → Block D15 (priority 1.00: urgency 1.00, hazard 1.00, 0.2 km) — switching from Block C16",
    "60.05 impact TSUNAMI IMPACT — 0.4 km² below 12 m flooded; 5 unfound survivor(s) lost, 7 found in time",
    "60.05 replan Replanned (tsunami impact): 4 drones re-tasked",
    "60.05 reassign Drone 1 → West 4th Street & West 3rd Street (priority 0.49: unsearched 1.00, rescue value 0.51, 0.7 km) — switching from Block D15",
    "60.05 reassign Drone 3 → East Esplanade & Victory Ship Way (priority 0.50: unsearched 1.00, hazard 0.35, 0.1 km) — switching from Carrie Cates Court & Lonsdale Avenue",
    "60.05 reassign Drone 4 → West Esplanade & Rogers Avenue (priority 0.62: unsearched 1.00, hazard 0.53, 0.3 km) — switching from Chadwick Court",
    "60.05 reassign Drone 6 → West Esplanade & West 1st Street (priority 0.46: unsearched 1.00, hazard 0.51, 0.1 km) — switching from Block D14",
    "60.55 truck Truck 2 driving 0.8 km to West Keith Road — closer to where the drones are working",
    "63.2 taskComplete Drone 2 finished East 17th Street & Eastern Avenue (77% searched, rest unreachable)",
    "63.2 assign Drone 2 → Eastern Avenue (priority 0.87: rescue value 1.00, population 0.68, 0.1 km)",
    "63.2 reassign Drone 3 → Low Level Road & Saint Andrews Avenue (priority 0.86: population 0.83, rescue value 0.83, 0.3 km) — switching from East Esplanade & Victory Ship Way",
    "63.2 reassign Drone 5 → West 2nd Street (priority 1.00: rescue value 0.85, unsearched 1.00, 0.2 km) — switching from Fell Avenue & West 2nd Street",
    "64.7 reassign Drone 6 → West 6th Street & West Keith Road (priority 0.85: population 0.87, rescue value 0.87, 0.9 km) — switching from West Esplanade & West 1st Street",
    "66.35 survivor Survivor found by Drone 1 near West 1st Street & West Esplanade — checking the surrounding blocks next",
    "66.6 truck Truck 1 driving 0.5 km to 3rd Street West & Chesterfield Avenue — closer to where the drones are working",
    "66.6 truck Truck 2 driving 1.9 km to Lonsdale Avenue & West 16th Street — closer to where the drones are working",
    "67.65 taskComplete Drone 2 finished Eastern Avenue (90% searched)",
    "67.65 assign Drone 2 → Saint Georges Avenue & East 16th Street (priority 0.72: rescue value 0.90, unsearched 1.00, 0.1 km)",
    "68.95 taskComplete Drone 4 finished West Esplanade & Rogers Avenue (98% searched)",
    "68.95 assign Drone 4 → West Esplanade & West 1st Street (priority 0.37: unsearched 1.00, population 0.39, 0.1 km)",
    "70.3 taskComplete Drone 5 finished West 2nd Street (63% searched, rest unreachable)",
    "70.3 reassign Drone 3 → East 2nd Street & Saint Andrews Avenue (priority 0.78: population 0.73, rescue value 0.73, 0.2 km) — switching from Low Level Road & Saint Andrews Avenue",
    "70.3 assign Drone 5 → Marine Drive & West 3rd Street (priority 0.82: rescue value 0.71, population 0.63, 0.1 km)",
    "71.75 taskComplete Drone 2 finished Saint Georges Avenue & East 16th Street (96% searched)",
    "71.75 assign Drone 2 → West 18th Street & West 17th Street (priority 1.00: population 1.00, rescue value 1.00, 0.3 km)",
    "71.95 survivor Survivor found by Drone 1 near West 4th Street & West 3rd Street — checking the surrounding blocks next",
    "72.65 truck Truck 2 driving 1.5 km to Chesterfield Avenue & West 16th Street — closer to where the drones are working",
    "74.4 taskComplete Drone 5 finished Marine Drive & West 3rd Street (89% searched)",
    "74.4 assign Drone 5 → Fell Avenue (priority 0.64: hazard 1.00, unsearched 1.00, 0.2 km)",
    "75.25 taskComplete Drone 1 finished West 4th Street & West 3rd Street (91% searched)",
    "75.25 assign Drone 1 → West 3rd Street & Mahon Avenue (priority 0.82: rescue value 1.00, unsearched 1.00, 0.2 km)",
    "75.95 taskComplete Drone 4 finished West Esplanade & West 1st Street (86% searched)",
    "75.95 assign Drone 4 → 2nd Street West & Lonsdale Avenue (priority 0.70: population 0.60, rescue value 0.60, 0.2 km)",
    "77.55 taskComplete Drone 3 finished East 2nd Street & Saint Andrews Avenue (89% searched)",
    "77.55 assign Drone 3 → East 3rd Street & East 2nd Street (priority 0.64: unsearched 1.00, population 0.54, 0.1 km)",
    "78.7 truck Truck 1 driving 0.8 km to West 13th Street & West 12th Street — closer to where the drones are working",
    "78.7 truck Truck 2 driving 0.6 km to Forbes Avenue & West 2nd Street — closer to where the drones are working",
    "80.35 taskComplete Drone 2 finished West 18th Street & West 17th Street (89% searched)",
    "80.35 assign Drone 2 → West 18th Street & West 19th Street (priority 1.00: population 1.00, rescue value 1.00, 0.1 km)",
    "81.2 taskComplete Drone 5 finished Fell Avenue (87% searched)",
    "81.2 assign Drone 5 → West 2nd Street (priority 0.53: hazard 0.61, unsearched 1.00, 0.1 km)",
    "81.9 taskComplete Drone 1 finished West 3rd Street & Mahon Avenue (100% searched)",
    "81.9 assign Drone 1 → West 1st Street & West Esplanade (priority 0.79: hazard 0.70, rescue value 0.69, 0.3 km)",
    "81.9 reassign Drone 4 → East Esplanade & Saint Georges Avenue (priority 0.79: rescue value 0.90, unsearched 1.00, 0.4 km) — switching from 2nd Street West & Lonsdale Avenue",
    "82.3 taskComplete Drone 3 finished East 3rd Street & East 2nd Street (91% searched)",
    "82.3 assign Drone 3 → East 3rd Street & Saint Davids Avenue (priority 0.53: unsearched 0.80, population 0.45, 0.4 km)",
    "82.4 taskComplete Drone 6 finished West 6th Street & West Keith Road (89% searched)",
    "82.4 assign Drone 6 → West 5th Street & West 4th Street (priority 0.85: population 0.81, rescue value 0.81, 0.1 km)",
    "85.1 taskComplete Drone 2 finished West 18th Street & West 19th Street (91% searched)",
    "85.1 assign Drone 2 → East 18th Street & East 17th Street (priority 0.73: population 0.65, rescue value 0.65, 0.2 km)",
    "86.2 taskComplete Drone 5 finished West 2nd Street (97% searched)",
    "86.2 assign Drone 5 → Marine Drive & West 14th Street (priority 0.56: unsearched 1.00, population 0.42, 0.3 km)",
    "87.7 reassign Drone 1 → West Esplanade (priority 0.75: hazard 1.00, unsearched 1.00, 0.1 km) — switching from West 1st Street & West Esplanade",
    "88.25 taskComplete Drone 6 finished West 5th Street & West 4th Street (91% searched)",
    "88.25 assign Drone 6 → West 5th Street & Lonsdale Avenue (priority 0.97: population 0.90, rescue value 0.90, 0.1 km)",
  ],
  "metrics": {
    "areaSearchedFrac": 0.19,
    "batteryConsumed": 2.14,
    "complete": false,
    "distanceTravelled": 3134.66,
    "droneFailures": 0,
    "droneUtilization": 1,
    "populationReached": 11203.22,
    "populationTotal": 39641.58,
    "redundancyFrac": 0.09,
    "survivorsFound": 9,
    "survivorsLost": 5,
    "survivorsTotal": 25,
    "tasksCompleted": 51,
    "tasksReassigned": 0,
    "time": 90,
  },
  "trucks": [
    "1 DRIVING 135.93,141.07",
    "2 DRIVING 46.77,95.77",
  ],
}
`;

exports[`golden trace > synthetic world: placements, crowd intel, failure and recharge 1`] = `
{
  "drones": [
    "1 CHARGING 48.5,27.5 0.73 truck:2",
    "2 DISABLED 4.7,32.5 0.42 truck:null",
    "3 CHARGING 48.5,27.5 0.67 truck:2",
  ],
  "events": [
    "0 replan Replanned (initial deployment): 3 drones re-tasked",
    "0 assign Drone 1 → Block D3 (priority 1.00: population 1.00, rescue value 1.00, 0.1 km)",
    "0 assign Drone 2 → Block D4 (priority 1.00: population 1.00, rescue value 1.00, 0.1 km)",
    "0 assign Drone 3 → Block D2 (priority 1.00: population 1.00, rescue value 1.00, 0.2 km)",
    "0 placed Crowd of ~60 reported near Block D2",
    "0.05 replan Replanned (crowd predicted at Test hub): 30 blocks re-scored, plan unchanged",
    "1.8 survivor Survivor found by Drone 1 near Block D3 — checking the surrounding blocks next",
    "2.3 survivor Survivor found by Drone 1 near Block D3 — checking the surrounding blocks next",
    "2.4 survivor Survivor found by Drone 2 near Block D4 — checking the surrounding blocks next",
    "2.5 survivor Survivor found by Drone 1 near Block D3 — checking the surrounding blocks next",
    "2.8 survivor Survivor found by Drone 1 near Block D3 — checking the surrounding blocks next",
    "2.9 survivor Survivor found by Drone 2 near Block D4 — checking the surrounding blocks next",
    "3.35 survivor Survivor found by Drone 1 near Block D3 — checking the surrounding blocks next",
    "4.4 survivor Survivor found by Drone 3 near Block D2 — checking the surrounding blocks next",
    "4.4 replan Replanned (survivor found near Block D2): 1 drone re-tasked",
    "4.4 reassign Drone 1 → Block E3 (priority 1.00: population 1.00, rescue value 1.00, 0.4 km) — switching from Block D3",
    "4.55 survivor Survivor found by Drone 3 near Block D2 — checking the surrounding blocks next",
    "5.1 survivor Survivor found by Drone 1 near Block D3 — checking the surrounding blocks next",
    "5.1 replan Replanned (survivor found near Block D3): 1 drone re-tasked",
    "5.1 reassign Drone 3 → Block C2 (priority 0.82: rescue value 1.00, unsearched 1.00, 0.2 km) — switching from Block D2",
    "5.3 taskComplete Drone 2 finished Block D4 (88% searched)",
    "5.3 assign Drone 2 → Block C4 (priority 0.82: rescue value 1.00, unsearched 1.00, 0.2 km)",
    "7.9 survivor Survivor found by Drone 1 near Block F3 — checking the surrounding blocks next",
    "8.05 survivor Survivor found by Drone 1 near Block F3 — checking the surrounding blocks next",
    "8.55 survivor Survivor found by Drone 1 near Block E3 — checking the surrounding blocks next",
    "9.2 survivor Survivor found by Drone 3 near Block C2 — checking the surrounding blocks next",
    "9.2 replan Replanned (survivor found near Block C2): 2 drones re-tasked",
    "9.2 reassign Drone 2 → Block C5 (priority 0.65: rescue value 0.89, unsearched 1.00, 0.2 km) — switching from Block C4",
    "9.2 reassign Drone 3 → Block C3 (priority 0.69: rescue value 1.00, unsearched 1.00, 0.3 km) — switching from Block C2",
    "10.3 taskComplete Drone 1 finished Block E3 (96% searched)",
    "10.3 assign Drone 1 → Block E2 (priority 1.00: population 1.00, rescue value 1.00, 0.3 km)",
    "10.4 survivor Survivor found by Drone 1 near Block E2 — checking the surrounding blocks next",
    "11.2 survivor Survivor found by Drone 3 near Block C3 — checking the surrounding blocks next",
    "11.75 taskComplete Drone 2 finished Block C5 (95% searched)",
    "11.75 assign Drone 2 → Block B5 (priority 1.00: population 1.00, rescue value 1.00, 0.2 km)",
    "13.8 taskComplete Drone 2 finished Block B5 (85% searched)",
    "13.8 assign Drone 2 → Block A5 (priority 1.00: population 1.00, rescue value 1.00, 0.2 km)",
    "13.8 reassign Drone 3 → Block B3 (priority 1.00: population 1.00, rescue value 1.00, 0.4 km) — switching from Block C3",
    "15.3 reassign Drone 1 → Block E1 (priority 1.00: population 1.00, rescue value 1.00, 0.3 km) — switching from Block E2",
    "15.95 taskComplete Drone 2 finished Block A5 (85% searched)",
    "15.95 assign Drone 2 → Block A4 (priority 1.00: population 1.00, rescue value 1.00, 0.2 km)",
    "17.4 survivor Survivor found by Drone 1 near Block E1 — checking the surrounding blocks next",
    "18.2 truck Truck 1 driving 0.9 km to Block B2 — closer to where the drones are working",
    "18.2 truck Truck 2 driving 1.0 km to Block E3 — closer to where the drones are working",
    "18.65 survivor Survivor found by Drone 1 near Block E1 — checking the surrounding blocks next",
    "19.15 survivor Survivor found by Drone 1 near Block E1 — checking the surrounding blocks next",
    "19.15 replan Replanned (survivor found near Block E1): 1 drone re-tasked",
    "19.15 reassign Drone 3 → Block B2 (priority 1.00: population 1.00, rescue value 1.00, 0.3 km) — switching from Block B3",
    "19.3 survivor Survivor found by Drone 2 near Block A4 — checking the surrounding blocks next",
    "20 failure Drone 2 went down — Block A4 handed back to the fleet",
    "20 replan Replanned (Drone 2 lost): 1 drone re-tasked",
    "20 reassign Drone 3 → Block A4 (priority 1.00: population 1.00, rescue value 1.00, 0.7 km) — taking over from Drone 2",
    "20.35 taskComplete Drone 1 finished Block E1 (91% searched)",
    "20.35 assign Drone 1 → Block D1 (priority 1.00: population 1.00, rescue value 1.00, 0.2 km)",
    "20.35 reassign Drone 3 → Block B2 (priority 1.00: population 1.00, rescue value 1.00, 0.2 km) — switching from Block A4",
    "23.1 survivor Survivor found by Drone 3 near Block B2 — checking the surrounding blocks next",
    "24.15 taskComplete Drone 3 finished Block B2 (98% searched)",
    "24.15 reassign Drone 1 → Block C1 (priority 1.00: population 1.00, rescue value 1.00, 0.4 km) — switching from Block D1",
    "26.85 reassign Drone 1 has nothing worthwhile in range — landing on the nearest truck",
    "29.8 recharged Drone 3 recharged on Truck 1 — ready to launch",
    "29.8 assign Drone 3 → Block A2 (priority 1.00: population 1.00, rescue value 1.00, 0.4 km)",
    "30 replan Replanned (priority weights changed): 15 blocks re-scored, plan unchanged",
    "32.6 recharged Drone 1 recharged on Truck 1 — ready to launch",
    "32.6 assign Drone 1 → Block B1 (priority 1.00: population 1.00, rescue value 1.00, 0.3 km)",
    "35.25 taskComplete Drone 3 finished Block A2 (96% searched)",
    "35.25 assign Drone 3 → Block A1 (priority 1.00: population 1.00, rescue value 1.00, 0.3 km)",
    "38.25 taskComplete Drone 1 finished Block B1 (91% searched)",
    "38.25 assign Drone 1 → Block C1 (priority 1.00: population 1.00, rescue value 1.00, 0.4 km)",
    "40.45 taskComplete Drone 3 finished Block A1 (98% searched)",
    "40.45 assign Drone 3 → Block A3 (priority 1.00: population 1.00, rescue value 1.00, 0.7 km)",
    "41.6 taskComplete Drone 1 finished Block C1 (100% searched)",
    "41.6 assign Drone 1 → Block F1 (priority 1.00: population 1.00, rescue value 1.00, 0.8 km)",
    "47.6 reassign Drone 3 → Block A4 (priority 1.00: population 1.00, rescue value 1.00, 0.2 km) — switching from Block A3",
    "48.45 truck Truck 1 driving 0.7 km to Block A4 — closer to where the drones are working",
    "49.1 reassign Drone 1 → Block F2 (priority 1.00: population 1.00, rescue value 1.00, 0.2 km) — switching from Block F1",
    "50.6 reassign Drone 3 → Block B4 (priority 1.00: population 1.00, rescue value 1.00, 0.4 km) — switching from Block A4",
    "53.5 survivor Survivor found by Drone 1 near Block F3 — checking the surrounding blocks next",
    "53.65 survivor Survivor found by Drone 1 near Block F3 — checking the surrounding blocks next",
    "53.65 replan Replanned (survivor found near Block F3): 1 drone re-tasked",
    "53.65 reassign Drone 1 → Block F3 (priority 1.00: population 1.00, rescue value 1.00, 0.2 km) — switching from Block F2",
    "55.95 taskComplete Drone 3 finished Block B4 (97% searched)",
    "58.95 taskComplete Drone 1 finished Block F3 (98% searched)",
    "58.95 assign Drone 1 → Block E4 (priority 1.00: population 1.00, rescue value 1.00, 0.3 km)",
    "59.9 lowBattery Drone 1 at 20% battery — flying to Truck 2 to recharge, Block E4 handed back",
    "60.1 survivor Survivor found by Drone 1 near Block E4 — checking the surrounding blocks next",
    "60.45 recharged Drone 3 recharged on Truck 1 — ready to launch",
    "60.45 assign Drone 3 → Block D5 (priority 1.00: population 1.00, rescue value 1.00, 0.9 km)",
    "63.9 recharged Drone 1 recharged on Truck 2 — ready to launch",
    "63.9 reassign Drone 1 → Block E4 (priority 1.00: population 1.00, rescue value 1.00, 0.2 km) — taking over from Drone 1",
    "64.6 survivor Survivor found by Drone 1 near Block E4 — checking the surrounding blocks next",
    "65 survivor Survivor found by Drone 1 near Block E4 — checking the surrounding blocks next",
    "65.55 survivor Survivor found by Drone 3 near Block D4 — checking the surrounding blocks next",
    "66.2 taskComplete Drone 3 finished Block D5 (95% searched)",
    "66.2 assign Drone 3 → Block E5 (priority 1.00: population 1.00, rescue value 1.00, 0.2 km)",
    "66.9 survivor Survivor found by Drone 1 near Block E4 — checking the surrounding blocks next",
    "68.4 taskComplete Drone 3 finished Block E5 (85% searched)",
    "68.4 assign Drone 3 → Block F5 (priority 1.00: population 1.00, rescue value 1.00, 0.2 km)",
    "69.25 taskComplete Drone 1 finished Block E4 (98% searched)",
    "69.25 assign Drone 1 → Block F4 (priority 1.00: population 1.00, rescue value 1.00, 0.2 km)",
    "70.3 survivor Survivor found by Drone 1 near Block F4 — checking the surrounding blocks next",
    "70.6 taskComplete Drone 3 finished Block F5 (90% searched)",
    "71.7 survivor Survivor found by Drone 1 near Block F4 — checking the surrounding blocks next",
    "71.7 replan Replanned (survivor found near Block F4): 2 drones re-tasked",
    "71.7 reassign Drone 1 has nothing worthwhile in range — landing on the nearest truck",
    "71.7 reassign Drone 3 → Block F4 (priority 1.00: population 1.00, rescue value 1.00, 0.0 km) — taking over from Drone 1",
    "72.8 taskComplete Drone 3 finished Block F4 (100% searched)",
    "72.8 complete Search complete in 1m13s — 99% of area covered, 30/31 survivors found",
  ],
  "metrics": {
    "areaSearchedFrac": 0.99,
    "batteryConsumed": 4.46,
    "complete": true,
    "distanceTravelled": 869.62,
    "droneFailures": 1,
    "droneUtilization": 0.87,
    "populationReached": 16318.74,
    "populationTotal": 16384.5,
    "redundancyFrac": 0.25,
    "survivorsFound": 30,
    "survivorsLost": 0,
    "survivorsTotal": 31,
    "tasksCompleted": 18,
    "tasksReassigned": 3,
    "time": 72.8,
  },
  "trucks": [
    "1 PARKED 8.5,34.5",
    "2 PARKED 48.5,27.5",
  ],
}
`;
